Archive member included because of file (symbol)

c:/altera/12.0sp2/nios2eds/bin/gnu/h-i686-mingw32/bin/../lib/gcc/nios2-elf/4.1.2/../../../../nios2-elf/lib/mno-hw-mul\libc.a(lib_a-exit.o)
                              obj/default/blocked_queue.o (exit)
c:/altera/12.0sp2/nios2eds/bin/gnu/h-i686-mingw32/bin/../lib/gcc/nios2-elf/4.1.2/../../../../nios2-elf/lib/mno-hw-mul\libc.a(lib_a-impure.o)
                              c:/altera/12.0sp2/nios2eds/bin/gnu/h-i686-mingw32/bin/../lib/gcc/nios2-elf/4.1.2/../../../../nios2-elf/lib/mno-hw-mul\libc.a(lib_a-exit.o) (_global_impure_ptr)
c:/altera/12.0sp2/nios2eds/bin/gnu/h-i686-mingw32/bin/../lib/gcc/nios2-elf/4.1.2/../../../../nios2-elf/lib/mno-hw-mul\libc.a(lib_a-malloc.o)
                              obj/default/blocked_queue.o (free)
c:/altera/12.0sp2/nios2eds/bin/gnu/h-i686-mingw32/bin/../lib/gcc/nios2-elf/4.1.2/../../../../nios2-elf/lib/mno-hw-mul\libc.a(lib_a-mallocr.o)
                              c:/altera/12.0sp2/nios2eds/bin/gnu/h-i686-mingw32/bin/../lib/gcc/nios2-elf/4.1.2/../../../../nios2-elf/lib/mno-hw-mul\libc.a(lib_a-malloc.o) (_malloc_r)
c:/altera/12.0sp2/nios2eds/bin/gnu/h-i686-mingw32/bin/../lib/gcc/nios2-elf/4.1.2/../../../../nios2-elf/lib/mno-hw-mul\libc.a(lib_a-printf.o)
                              obj/default/project1.o (printf)
c:/altera/12.0sp2/nios2eds/bin/gnu/h-i686-mingw32/bin/../lib/gcc/nios2-elf/4.1.2/../../../../nios2-elf/lib/mno-hw-mul\libc.a(lib_a-putchar.o)
                              obj/default/thread_handler.o (putchar)
c:/altera/12.0sp2/nios2eds/bin/gnu/h-i686-mingw32/bin/../lib/gcc/nios2-elf/4.1.2/../../../../nios2-elf/lib/mno-hw-mul\libc.a(lib_a-puts.o)
                              obj/default/alarm_handler.o (puts)
c:/altera/12.0sp2/nios2eds/bin/gnu/h-i686-mingw32/bin/../lib/gcc/nios2-elf/4.1.2/../../../../nios2-elf/lib/mno-hw-mul\libc.a(lib_a-sbrkr.o)
                              c:/altera/12.0sp2/nios2eds/bin/gnu/h-i686-mingw32/bin/../lib/gcc/nios2-elf/4.1.2/../../../../nios2-elf/lib/mno-hw-mul\libc.a(lib_a-mallocr.o) (_sbrk_r)
c:/altera/12.0sp2/nios2eds/bin/gnu/h-i686-mingw32/bin/../lib/gcc/nios2-elf/4.1.2/../../../../nios2-elf/lib/mno-hw-mul\libc.a(lib_a-strlen.o)
                              c:/altera/12.0sp2/nios2eds/bin/gnu/h-i686-mingw32/bin/../lib/gcc/nios2-elf/4.1.2/../../../../nios2-elf/lib/mno-hw-mul\libc.a(lib_a-puts.o) (strlen)
c:/altera/12.0sp2/nios2eds/bin/gnu/h-i686-mingw32/bin/../lib/gcc/nios2-elf/4.1.2/../../../../nios2-elf/lib/mno-hw-mul\libc.a(lib_a-vfprintf.o)
                              c:/altera/12.0sp2/nios2eds/bin/gnu/h-i686-mingw32/bin/../lib/gcc/nios2-elf/4.1.2/../../../../nios2-elf/lib/mno-hw-mul\libc.a(lib_a-printf.o) (___vfprintf_internal_r)
c:/altera/12.0sp2/nios2eds/bin/gnu/h-i686-mingw32/bin/../lib/gcc/nios2-elf/4.1.2/../../../../nios2-elf/lib/mno-hw-mul\libc.a(lib_a-wsetup.o)
                              c:/altera/12.0sp2/nios2eds/bin/gnu/h-i686-mingw32/bin/../lib/gcc/nios2-elf/4.1.2/../../../../nios2-elf/lib/mno-hw-mul\libc.a(lib_a-vfprintf.o) (__swsetup_r)
c:/altera/12.0sp2/nios2eds/bin/gnu/h-i686-mingw32/bin/../lib/gcc/nios2-elf/4.1.2/../../../../nios2-elf/lib/mno-hw-mul\libc.a(lib_a-__call_atexit.o)
                              c:/altera/12.0sp2/nios2eds/bin/gnu/h-i686-mingw32/bin/../lib/gcc/nios2-elf/4.1.2/../../../../nios2-elf/lib/mno-hw-mul\libc.a(lib_a-exit.o) (__call_exitprocs)
c:/altera/12.0sp2/nios2eds/bin/gnu/h-i686-mingw32/bin/../lib/gcc/nios2-elf/4.1.2/../../../../nios2-elf/lib/mno-hw-mul\libc.a(lib_a-dtoa.o)
                              c:/altera/12.0sp2/nios2eds/bin/gnu/h-i686-mingw32/bin/../lib/gcc/nios2-elf/4.1.2/../../../../nios2-elf/lib/mno-hw-mul\libc.a(lib_a-vfprintf.o) (_dtoa_r)
c:/altera/12.0sp2/nios2eds/bin/gnu/h-i686-mingw32/bin/../lib/gcc/nios2-elf/4.1.2/../../../../nios2-elf/lib/mno-hw-mul\libc.a(lib_a-fflush.o)
                              c:/altera/12.0sp2/nios2eds/bin/gnu/h-i686-mingw32/bin/../lib/gcc/nios2-elf/4.1.2/../../../../nios2-elf/lib/mno-hw-mul\libc.a(lib_a-vfprintf.o) (_fflush_r)
c:/altera/12.0sp2/nios2eds/bin/gnu/h-i686-mingw32/bin/../lib/gcc/nios2-elf/4.1.2/../../../../nios2-elf/lib/mno-hw-mul\libc.a(lib_a-findfp.o)
                              c:/altera/12.0sp2/nios2eds/bin/gnu/h-i686-mingw32/bin/../lib/gcc/nios2-elf/4.1.2/../../../../nios2-elf/lib/mno-hw-mul\libc.a(lib_a-vfprintf.o) (__sinit)
c:/altera/12.0sp2/nios2eds/bin/gnu/h-i686-mingw32/bin/../lib/gcc/nios2-elf/4.1.2/../../../../nios2-elf/lib/mno-hw-mul\libc.a(lib_a-freer.o)
                              c:/altera/12.0sp2/nios2eds/bin/gnu/h-i686-mingw32/bin/../lib/gcc/nios2-elf/4.1.2/../../../../nios2-elf/lib/mno-hw-mul\libc.a(lib_a-malloc.o) (_free_r)
c:/altera/12.0sp2/nios2eds/bin/gnu/h-i686-mingw32/bin/../lib/gcc/nios2-elf/4.1.2/../../../../nios2-elf/lib/mno-hw-mul\libc.a(lib_a-fvwrite.o)
                              c:/altera/12.0sp2/nios2eds/bin/gnu/h-i686-mingw32/bin/../lib/gcc/nios2-elf/4.1.2/../../../../nios2-elf/lib/mno-hw-mul\libc.a(lib_a-puts.o) (__sfvwrite_r)
[...]
Memory Configuration

Name             Origin             Length             Attributes
reset            0x00000000         0x00000020
SDRAM            0x00000020         0x007fffe0
SRAM             0x08000000         0x00080000
Onchip_memory    0x09000000         0x00002000
*default*        0x00000000         0xffffffff

Linker script and memory map

LOAD C:/Projects/csce351-finalproject/csce351-finalproject_bsp//obj/HAL/src/crt0.o
LOAD obj/default/alarm_handler.o
LOAD obj/default/blocked_queue.o
LOAD obj/default/mysem.o
LOAD obj/default/project1.o
LOAD obj/default/queue.o
LOAD obj/default/thread_handler.o
LOAD obj/default/exception_handler.o
LOAD c:/altera/12.0sp2/nios2eds/bin/gnu/h-i686-mingw32/bin/../lib/gcc/nios2-elf/4.1.2/../../../../nios2-elf/lib/mno-hw-mul\libstdc++.a
LOAD c:/altera/12.0sp2/nios2eds/bin/gnu/h-i686-mingw32/bin/../lib/gcc/nios2-elf/4.1.2/../../../../nios2-elf/lib/mno-hw-mul\libm.a
LOAD c:/altera/12.0sp2/nios2eds/bin/gnu/h-i686-mingw32/bin/../lib/gcc/nios2-elf/4.1.2/mno-hw-mul\libgcc.a
START GROUP
LOAD c:/altera/12.0sp2/nios2eds/bin/gnu/h-i686-mingw32/bin/../lib/gcc/nios2-elf/4.1.2/../../../../nios2-elf/lib/mno-hw-mul\libc.a
LOAD c:/altera/12.0sp2/nios2eds/bin/gnu/h-i686-mingw32/bin/../lib/gcc/nios2-elf/4.1.2/mno-hw-mul\libgcc.a
LOAD C:/Projects/csce351-finalproject/csce351-finalproject_bsp/\libhal_bsp.a
END GROUP
LOAD c:/altera/12.0sp2/nios2eds/bin/gnu/h-i686-mingw32/bin/../lib/gcc/nios2-elf/4.1.2/mno-hw-mul\libgcc.a
                0x00000000                __alt_mem_SDRAM = 0x0
                0x08000000                __alt_mem_SRAM = 0x8000000
                0x09000000                __alt_mem_Onchip_memory = 0x9000000

.entry          0x00000000       0x20
 *(.entry)
 .entry         0x00000000       0x20 C:/Projects/csce351-finalproject/csce351-finalproject_bsp//obj/HAL/src/crt0.o
                0x00000000                __reset

.exceptions     0x00000020      0x1b4
                0x00000020                PROVIDE (__ram_exceptions_start, ABSOLUTE (.))
                0x00000020                . = ALIGN (0x20)
 *(.irq)
 *(.exceptions.entry.label)
 .exceptions.entry.label
                0x00000020        0x0 C:/Projects/csce351-finalproject/csce351-finalproject_bsp/\libhal_bsp.a(alt_irq_entry.o)
                0x00000020                alt_irq_entry
 .exceptions.entry.label
                0x00000020        0x0 C:/Projects/csce351-finalproject/csce351-finalproject_bsp/\libhal_bsp.a(alt_exception_entry.o)
                0x00000020                alt_exception
 *(.exceptions.entry.user)
 *(.exceptions.entry)
 .exceptions.entry
                0x00000020       0x54 C:/Projects/csce351-finalproject/csce351-finalproject_bsp/\libhal_bsp.a(alt_exception_entry.o)
 *(.exceptions.irqtest.user)
 *(.exceptions.irqtest)
 .exceptions.irqtest
                0x00000074       0x10 C:/Projects/csce351-finalproject/csce351-finalproject_bsp/\libhal_bsp.a(alt_irq_entry.o)
 *(.exceptions.irqhandler.user)
 *(.exceptions.irqhandler)
 .exceptions.irqhandler
                0x00000084        0x4 C:/Projects/csce351-finalproject/csce351-finalproject_bsp/\libhal_bsp.a(alt_irq_entry.o)
 *(.exceptions.irqreturn.user)
 *(.exceptions.irqreturn)
 .exceptions.irqreturn
                0x00000088        0x4 C:/Projects/csce351-finalproject/csce351-finalproject_bsp/\libhal_bsp.a(alt_irq_entry.o)
 *(.exceptions.notirq.label)
 .exceptions.notirq.label
                0x0000008c        0x0 C:/Projects/csce351-finalproject/csce351-finalproject_bsp/\libhal_bsp.a(alt_irq_entry.o)
 *(.exceptions.notirq.user)
 *(.exceptions.notirq)
 .exceptions.notirq
                0x0000008c        0x8 C:/Projects/csce351-finalproject/csce351-finalproject_bsp/\libhal_bsp.a(alt_exception_entry.o)
 *(.exceptions.soft.user)
 *(.exceptions.soft)
 *(.exceptions.unknown.user)
 *(.exceptions.unknown)
 .exceptions.unknown
                0x00000094        0x4 C:/Projects/csce351-finalproject/csce351-finalproject_bsp/\libhal_bsp.a(alt_exception_entry.o)
 *(.exceptions.exit.label)
 .exceptions.exit.label
                0x00000098        0x0 C:/Projects/csce351-finalproject/csce351-finalproject_bsp/\libhal_bsp.a(alt_irq_entry.o)
 .exceptions.exit.label
                0x00000098        0x0 C:/Projects/csce351-finalproject/csce351-finalproject_bsp/\libhal_bsp.a(alt_exception_entry.o)
 *(.exceptions.exit.user)
 .exceptions.exit.user
                0x00000098       0x20 obj/default/exception_handler.o
 *(.exceptions.exit)
 .exceptions.exit
                0x000000b8       0x54 C:/Projects/csce351-finalproject/csce351-finalproject_bsp/\libhal_bsp.a(alt_exception_entry.o)
 *(.exceptions)
 .exceptions    0x0000010c       0xc8 C:/Projects/csce351-finalproject/csce351-finalproject_bsp/\libhal_bsp.a(alt_irq_handler.o)
                0x0000010c                alt_irq_handler
                0x000001d4                PROVIDE (__ram_exceptions_end, ABSOLUTE (.))
                0x00000020                PROVIDE (__flash_exceptions_start, LOADADDR (.exceptions))

.text           0x000001d4     0xd67c
                0x000001d4                PROVIDE (stext, ABSOLUTE (.))
 *(.interp)
 *(.hash)
 *(.dynsym)
 *(.dynstr)
 *(.gnu.version)
 *(.gnu.version_d)
 *(.gnu.version_r)
 *(.rel.init)
 *(.rela.init)
 *(.rel.text .rel.text.* .rel.gnu.linkonce.t.*)
 *(.rela.text .rela.text.* .rela.gnu.linkonce.t.*)
 *(.rel.fini)
 *(.rela.fini)
 *(.rel.rodata .rel.rodata.* .rel.gnu.linkonce.r.*)
 *(.rela.rodata .rela.rodata.* .rela.gnu.linkonce.r.*)
 *(.rel.data .rel.data.* .rel.gnu.linkonce.d.*)
 *(.rela.data .rela.data.* .rela.gnu.linkonce.d.*)
 *(.rel.tdata .rel.tdata.* .rel.gnu.linkonce.td.*)
 *(.rela.tdata .rela.tdata.* .rela.gnu.linkonce.td.*)
 *(.rel.tbss .rel.tbss.* .rel.gnu.linkonce.tb.*)
 *(.rela.tbss .rela.tbss.* .rela.gnu.linkonce.tb.*)
 *(.rel.ctors)
 *(.rela.ctors)
 *(.rel.dtors)
 *(.rela.dtors)
 *(.rel.got)
 *(.rela.got)
 *(.rel.sdata .rel.sdata.* .rel.gnu.linkonce.s.*)
 *(.rela.sdata .rela.sdata.* .rela.gnu.linkonce.s.*)
 *(.rel.sbss .rel.sbss.* .rel.gnu.linkonce.sb.*)
 *(.rela.sbss .rela.sbss.* .rela.gnu.linkonce.sb.*)
 *(.rel.sdata2 .rel.sdata2.* .rel.gnu.linkonce.s2.*)
 *(.rela.sdata2 .rela.sdata2.* .rela.gnu.linkonce.s2.*)
 *(.rel.sbss2 .rel.sbss2.* .rel.gnu.linkonce.sb2.*)
 *(.rela.sbss2 .rela.sbss2.* .rela.gnu.linkonce.sb2.*)
 *(.rel.bss .rel.bss.* .rel.gnu.linkonce.b.*)
 *(.rela.bss .rela.bss.* .rela.gnu.linkonce.b.*)
 *(.rel.plt)
 *(.rela.plt)
 *(.rel.dyn)
 *(.init)
 *(.plt)
 *(.text .stub .text.* .gnu.linkonce.t.*)
 .text          0x000001d4       0x3c C:/Projects/csce351-finalproject/csce351-finalproject_bsp//obj/HAL/src/crt0.o
                0x000001d4                _start
 .text          0x00000210       0xf0 obj/default/alarm_handler.o
                0x00000210                is_alarmflag_set
                0x00000234                reset_alarmflag
                0x00000254                myinterrupt_handler
                0x000002ac                start_alarm_succeed
 .text          0x00000300      0x184 obj/default/blocked_queue.o
                0x00000300                benqueue
                0x000003bc                bdequeue
                0x0000045c                bgetQsize
 .text          0x00000484      0x190 obj/default/mysem.o
                0x00000484                semInit
                0x000004e8                semDown
                0x00000554                semUp
                0x000005c4                semValue
                0x000005ec                semThreadCount
 .text          0x00000614      0x348 obj/default/project1.o
                0x00000614                customer
                0x00000734                stylist
                0x00000824                os_primitive
                0x00000930                main
 .text          0x0000095c      0x1b4 obj/default/queue.o
                0x0000095c                enqueue
                0x00000a2c                dequeue
                0x00000ae8                getQsize
 .text          0x00000b10      0x4a4 obj/default/thread_handler.o
                0x00000b10                mythread_create
                0x00000c6c                mythread_start
                0x00000c98                mythread_join
                0x00000cc8                mythread_block
                0x00000cf4                mythread_block_self
                0x00000d58                mythread_unblock_sem
                0x00000e0c                mythread_terminate
                0x00000e38                mythread_schedule
                0x00000ef8                mythread_isQempty
                0x00000f48                mythread_cleanup
 .text          0x00000fb4        0x0 obj/default/exception_handler.o
 .text          0x00000fb4       0x38 c:/altera/12.0sp2/nios2eds/bin/gnu/h-i686-mingw32/bin/../lib/gcc/nios2-elf/4.1.2/../../../../nios2-elf/lib/mno-hw-mul\libc.a(lib_a-exit.o)
                0x00000fb4                exit
 .text          0x00000fec        0x0 c:/altera/12.0sp2/nios2eds/bin/gnu/h-i686-mingw32/bin/../lib/gcc/nios2-elf/4.1.2/../../../../nios2-elf/lib/mno-hw-mul\libc.a(lib_a-impure.o)
 .text          0x00000fec       0x28 c:/altera/12.0sp2/nios2eds/bin/gnu/h-i686-mingw32/bin/../lib/gcc/nios2-elf/4.1.2/../../../../nios2-elf/lib/mno-hw-mul\libc.a(lib_a-malloc.o)
                0x00000fec                free
                0x00001000                malloc
 .text          0x00001014      0x740 c:/altera/12.0sp2/nios2eds/bin/gnu/h-i686-mingw32/bin/../lib/gcc/nios2-elf/4.1.2/../../../../nios2-elf/lib/mno-hw-mul\libc.a(lib_a-mallocr.o)
                0x00001014                _malloc_r
 .text          0x00001754       0x78 c:/altera/12.0sp2/nios2eds/bin/gnu/h-i686-mingw32/bin/../lib/gcc/nios2-elf/4.1.2/../../../../nios2-elf/lib/mno-hw-mul\libc.a(lib_a-printf.o)
                0x00001754                printf
                0x00001798                _printf_r
 .text          0x000017cc       0x24 c:/altera/12.0sp2/nios2eds/bin/gnu/h-i686-mingw32/bin/../lib/gcc/nios2-elf/4.1.2/../../../../nios2-elf/lib/mno-hw-mul\libc.a(lib_a-putchar.o)
                0x000017cc                putchar
                0x000017e8                _putchar_r
 .text          0x000017f0       0xb4 c:/altera/12.0sp2/nios2eds/bin/gnu/h-i686-mingw32/bin/../lib/gcc/nios2-elf/4.1.2/../../../../nios2-elf/lib/mno-hw-mul\libc.a(lib_a-puts.o)
                0x000017f0                _puts_r
                0x00001890                puts
 .text          0x000018a4       0x70 c:/altera/12.0sp2/nios2eds/bin/gnu/h-i686-mingw32/bin/../lib/gcc/nios2-elf/4.1.2/../../../../nios2-elf/lib/mno-hw-mul\libc.a(lib_a-sbrkr.o)
                0x000018a4                _sbrk_r
 .text          0x00001914       0x74 c:/altera/12.0sp2/nios2eds/bin/gnu/h-i686-mingw32/bin/../lib/gcc/nios2-elf/4.1.2/../../../../nios2-elf/lib/mno-hw-mul\libc.a(lib_a-strlen.o)
                0x00001914                strlen
 .text          0x00001988     0x1f40 c:/altera/12.0sp2/nios2eds/bin/gnu/h-i686-mingw32/bin/../lib/gcc/nios2-elf/4.1.2/../../../../nios2-elf/lib/mno-hw-mul\libc.a(lib_a-vfprintf.o)
                0x000019e0                ___vfprintf_internal_r
                0x000038a4                __vfprintf_internal
 .text          0x000038c8      0x13c c:/altera/12.0sp2/nios2eds/bin/gnu/h-i686-mingw32/bin/../lib/gcc/nios2-elf/4.1.2/../../../../nios2-elf/lib/mno-hw-mul\libc.a(lib_a-wsetup.o)
                0x000038c8                __swsetup_r
 .text          0x00003a04      0x1b4 c:/altera/12.0sp2/nios2eds/bin/gnu/h-i686-mingw32/bin/../lib/gcc/nios2-elf/4.1.2/../../../../nios2-elf/lib/mno-hw-mul\libc.a(lib_a-__call_atexit.o)
                0x00003a08                __call_exitprocs
 .text          0x00003bb8     0x17f8 c:/altera/12.0sp2/nios2eds/bin/gnu/h-i686-mingw32/bin/../lib/gcc/nios2-elf/4.1.2/../../../../nios2-elf/lib/mno-hw-mul\libc.a(lib_a-dtoa.o)
                0x00003dfc                _dtoa_r
 .text          0x000053b0      0x230 c:/altera/12.0sp2/nios2eds/bin/gnu/h-i686-mingw32/bin/../lib/gcc/nios2-elf/4.1.2/../../../../nios2-elf/lib/mno-hw-mul\libc.a(lib_a-fflush.o)
                0x000053b0                _fflush_r
                0x000055ac                fflush
 .text          0x000055e0      0x2f4 c:/altera/12.0sp2/nios2eds/bin/gnu/h-i686-mingw32/bin/../lib/gcc/nios2-elf/4.1.2/../../../../nios2-elf/lib/mno-hw-mul\libc.a(lib_a-findfp.o)
                0x00005638                __sfp_lock_acquire
                0x0000563c                __sfp_lock_release
                0x00005640                __sinit_lock_acquire
                0x00005644                __sinit_lock_release
                0x00005648                __sinit
                0x000056fc                __fp_unlock_all
                0x00005714                __fp_lock_all
                0x0000572c                _cleanup_r
                0x00005738                _cleanup
                0x00005748                __sfmoreglue
                0x000057e4                __sfp
 .text          0x000058d4      0x440 c:/altera/12.0sp2/nios2eds/bin/gnu/h-i686-mingw32/bin/../lib/gcc/nios2-elf/4.1.2/../../../../nios2-elf/lib/mno-hw-mul\libc.a(lib_a-freer.o)
                0x000058d4                _malloc_trim_r
                0x00005a00                _free_r
 .text          0x00005d14      0x49c c:/altera/12.0sp2/nios2eds/bin/gnu/h-i686-mingw32/bin/../lib/gcc/nios2-elf/4.1.2/../../../../nios2-elf/lib/mno-hw-mul\libc.a(lib_a-fvwrite.o)
                0x00005d14                __sfvwrite_r
 .text          0x000061b0      0x180 c:/altera/12.0sp2/nios2eds/bin/gnu/h-i686-mingw32/bin/../lib/gcc/nios2-elf/4.1.2/../../../../nios2-elf/lib/mno-hw-mul\libc.a(lib_a-fwalk.o)
                0x000061b0                _fwalk_reent
                0x00006278                _fwalk
 .text          0x00006330        0x0 c:/altera/12.0sp2/nios2eds/bin/gnu/h-i686-mingw32/bin/../lib/gcc/nios2-elf/4.1.2/../../../../nios2-elf/lib/mno-hw-mul\libc.a(lib_a-int_errno.o)
 .text          0x00006330       0xc4 c:/altera/12.0sp2/nios2eds/bin/gnu/h-i686-mingw32/bin/../lib/gcc/nios2-elf/4.1.2/../../../../nios2-elf/lib/mno-hw-mul\libc.a(lib_a-locale.o)
                0x00006330                __locale_charset
                0x00006338                _localeconv_r
                0x00006344                localeconv
                0x00006354                _setlocale_r
                0x000063d8                setlocale
 .text          0x000063f4      0x194 c:/altera/12.0sp2/nios2eds/bin/gnu/h-i686-mingw32/bin/../lib/gcc/nios2-elf/4.1.2/../../../../nios2-elf/lib/mno-hw-mul\libc.a(lib_a-makebuf.o)
                0x000063f4                __smakebuf_r
 .text          0x00006588       0xe4 c:/altera/12.0sp2/nios2eds/bin/gnu/h-i686-mingw32/bin/../lib/gcc/nios2-elf/4.1.2/../../../../nios2-elf/lib/mno-hw-mul\libc.a(lib_a-memchr.o)
                0x00006588                memchr
 .text          0x0000666c       0xa0 c:/altera/12.0sp2/nios2eds/bin/gnu/h-i686-mingw32/bin/../lib/gcc/nios2-elf/4.1.2/../../../../nios2-elf/lib/mno-hw-mul\libc.a(lib_a-memcpy.o)
                0x0000666c                memcpy
 .text          0x0000670c       0xe0 c:/altera/12.0sp2/nios2eds/bin/gnu/h-i686-mingw32/bin/../lib/gcc/nios2-elf/4.1.2/../../../../nios2-elf/lib/mno-hw-mul\libc.a(lib_a-memmove.o)
                0x0000670c                memmove
 .text          0x000067ec       0x98 c:/altera/12.0sp2/nios2eds/bin/gnu/h-i686-mingw32/bin/../lib/gcc/nios2-elf/4.1.2/../../../../nios2-elf/lib/mno-hw-mul\libc.a(lib_a-memset.o)
                0x000067ec                memset
 .text          0x00006884     0x108c c:/altera/12.0sp2/nios2eds/bin/gnu/h-i686-mingw32/bin/../lib/gcc/nios2-elf/4.1.2/../../../../nios2-elf/lib/mno-hw-mul\libc.a(lib_a-mprec.o)
                0x00006884                _Bfree
                0x000068ac                __hi0bits
                0x0000691c                __lo0bits
                0x000069e0                __mcmp
                0x00006a40                __ulp
                0x00006ac0                __b2d
                0x00006be0                __ratio
                0x00006c90                _mprec_log10
                0x00006d24                __copybits
                0x00006d7c                __any_on
                0x00006e04                _Balloc
                0x00006ec0                __d2b
                0x0000703c                __mdiff
                0x000071c8                __lshift
                0x00007314                __multiply
                0x00007568                __i2b
                0x000075a4                __multadd
                0x000076d0                __pow5mult
                0x000077f0                __s2b
 .text          0x00007910      0x1ec c:/altera/12.0sp2/nios2eds/bin/gnu/h-i686-mingw32/bin/../lib/gcc/nios2-elf/4.1.2/../../../../nios2-elf/lib/mno-hw-mul\libc.a(lib_a-putc.o)
                0x00007910                putc
                0x00007a14                _putc_r
 .text          0x00007afc      0x5f4 c:/altera/12.0sp2/nios2eds/bin/gnu/h-i686-mingw32/bin/../lib/gcc/nios2-elf/4.1.2/../../../../nios2-elf/lib/mno-hw-mul\libc.a(lib_a-reallocr.o)
                0x00007afc                _realloc_r
 .text          0x000080f0       0x40 c:/altera/12.0sp2/nios2eds/bin/gnu/h-i686-mingw32/bin/../lib/gcc/nios2-elf/4.1.2/../../../../nios2-elf/lib/mno-hw-mul\libc.a(lib_a-s_isinfd.o)
                0x000080f0                __isinfd
 .text          0x00008130       0x30 c:/altera/12.0sp2/nios2eds/bin/gnu/h-i686-mingw32/bin/../lib/gcc/nios2-elf/4.1.2/../../../../nios2-elf/lib/mno-hw-mul\libc.a(lib_a-s_isnand.o)
                0x00008130                __isnand
 .text          0x00008160      0x14c c:/altera/12.0sp2/nios2eds/bin/gnu/h-i686-mingw32/bin/../lib/gcc/nios2-elf/4.1.2/../../../../nios2-elf/lib/mno-hw-mul\libc.a(lib_a-stdio.o)
                0x00008160                __sclose
                0x00008168                __sseek
                0x000081d0                __swrite
                0x0000824c                __sread
 .text          0x000082ac       0xbc c:/altera/12.0sp2/nios2eds/bin/gnu/h-i686-mingw32/bin/../lib/gcc/nios2-elf/4.1.2/../../../../nios2-elf/lib/mno-hw-mul\libc.a(lib_a-strcmp.o)
                0x000082ac                strcmp
 .text          0x00008368      0x14c c:/altera/12.0sp2/nios2eds/bin/gnu/h-i686-mingw32/bin/../lib/gcc/nios2-elf/4.1.2/../../../../nios2-elf/lib/mno-hw-mul\libc.a(lib_a-wbuf.o)
                0x00008368                __swbuf_r
                0x00008498                __swbuf
 .text          0x000084b4       0x78 c:/altera/12.0sp2/nios2eds/bin/gnu/h-i686-mingw32/bin/../lib/gcc/nios2-elf/4.1.2/../../../../nios2-elf/lib/mno-hw-mul\libc.a(lib_a-writer.o)
                0x000084b4                _write_r
 .text          0x0000852c       0xc8 c:/altera/12.0sp2/nios2eds/bin/gnu/h-i686-mingw32/bin/../lib/gcc/nios2-elf/4.1.2/../../../../nios2-elf/lib/mno-hw-mul\libc.a(lib_a-callocr.o)
                0x0000852c                _calloc_r
 .text          0x000085f4       0x70 c:/altera/12.0sp2/nios2eds/bin/gnu/h-i686-mingw32/bin/../lib/gcc/nios2-elf/4.1.2/../../../../nios2-elf/lib/mno-hw-mul\libc.a(lib_a-closer.o)
                0x000085f4                _close_r
 .text          0x00008664      0x124 c:/altera/12.0sp2/nios2eds/bin/gnu/h-i686-mingw32/bin/../lib/gcc/nios2-elf/4.1.2/../../../../nios2-elf/lib/mno-hw-mul\libc.a(lib_a-fclose.o)
                0x00008664                _fclose_r
                0x00008774                fclose
 .text          0x00008788       0x74 c:/altera/12.0sp2/nios2eds/bin/gnu/h-i686-mingw32/bin/../lib/gcc/nios2-elf/4.1.2/../../../../nios2-elf/lib/mno-hw-mul\libc.a(lib_a-fstatr.o)
                0x00008788                _fstat_r
 .text          0x000087fc       0x70 c:/altera/12.0sp2/nios2eds/bin/gnu/h-i686-mingw32/bin/../lib/gcc/nios2-elf/4.1.2/../../../../nios2-elf/lib/mno-hw-mul\libc.a(lib_a-isattyr.o)
                0x000087fc                _isatty_r
 .text          0x0000886c       0x78 c:/altera/12.0sp2/nios2eds/bin/gnu/h-i686-mingw32/bin/../lib/gcc/nios2-elf/4.1.2/../../../../nios2-elf/lib/mno-hw-mul\libc.a(lib_a-lseekr.o)
                0x0000886c                _lseek_r
 .text          0x000088e4       0x78 c:/altera/12.0sp2/nios2eds/bin/gnu/h-i686-mingw32/bin/../lib/gcc/nios2-elf/4.1.2/../../../../nios2-elf/lib/mno-hw-mul\libc.a(lib_a-readr.o)
                0x000088e4                _read_r
 .text          0x0000895c      0x66c c:/altera/12.0sp2/nios2eds/bin/gnu/h-i686-mingw32/bin/../lib/gcc/nios2-elf/4.1.2/mno-hw-mul\libgcc.a(_udivdi3.o)
                0x0000895c                __udivdi3
 .text          0x00008fc8      0x660 c:/altera/12.0sp2/nios2eds/bin/gnu/h-i686-mingw32/bin/../lib/gcc/nios2-elf/4.1.2/mno-hw-mul\libgcc.a(_umoddi3.o)
                0x00008fc8                __umoddi3
 .text          0x00009628      0x504 c:/altera/12.0sp2/nios2eds/bin/gnu/h-i686-mingw32/bin/../lib/gcc/nios2-elf/4.1.2/mno-hw-mul\libgcc.a(_addsub_df.o)
                0x00009a38                __subdf3
                0x00009ab8                __adddf3
 .text          0x00009b2c      0x3c4 c:/altera/12.0sp2/nios2eds/bin/gnu/h-i686-mingw32/bin/../lib/gcc/nios2-elf/4.1.2/mno-hw-mul\libgcc.a(_mul_df.o)
                0x00009b2c                __muldf3
 .text          0x00009ef0      0x258 c:/altera/12.0sp2/nios2eds/bin/gnu/h-i686-mingw32/bin/../lib/gcc/nios2-elf/4.1.2/mno-hw-mul\libgcc.a(_div_df.o)
                0x00009ef0                __divdf3
 .text          0x0000a148       0x88 c:/altera/12.0sp2/nios2eds/bin/gnu/h-i686-mingw32/bin/../lib/gcc/nios2-elf/4.1.2/mno-hw-mul\libgcc.a(_eq_df.o)
                0x0000a148                __eqdf2
 .text          0x0000a1d0       0x88 c:/altera/12.0sp2/nios2eds/bin/gnu/h-i686-mingw32/bin/../lib/gcc/nios2-elf/4.1.2/mno-hw-mul\libgcc.a(_ne_df.o)
                0x0000a1d0                __nedf2
 .text          0x0000a258       0x88 c:/altera/12.0sp2/nios2eds/bin/gnu/h-i686-mingw32/bin/../lib/gcc/nios2-elf/4.1.2/mno-hw-mul\libgcc.a(_gt_df.o)
                0x0000a258                __gtdf2
 .text          0x0000a2e0       0x88 c:/altera/12.0sp2/nios2eds/bin/gnu/h-i686-mingw32/bin/../lib/gcc/nios2-elf/4.1.2/mno-hw-mul\libgcc.a(_ge_df.o)
                0x0000a2e0                __gedf2
 .text          0x0000a368       0x88 c:/altera/12.0sp2/nios2eds/bin/gnu/h-i686-mingw32/bin/../lib/gcc/nios2-elf/4.1.2/mno-hw-mul\libgcc.a(_lt_df.o)
                0x0000a368                __ltdf2
 .text          0x0000a3f0       0xf8 c:/altera/12.0sp2/nios2eds/bin/gnu/h-i686-mingw32/bin/../lib/gcc/nios2-elf/4.1.2/mno-hw-mul\libgcc.a(_si_to_df.o)
                0x0000a3f0                __floatsidf
 .text          0x0000a4e8       0xd8 c:/altera/12.0sp2/nios2eds/bin/gnu/h-i686-mingw32/bin/../lib/gcc/nios2-elf/4.1.2/mno-hw-mul\libgcc.a(_df_to_si.o)
                0x0000a4e8                __fixdfsi
 .text          0x0000a5c0        0x0 c:/altera/12.0sp2/nios2eds/bin/gnu/h-i686-mingw32/bin/../lib/gcc/nios2-elf/4.1.2/mno-hw-mul\libgcc.a(_thenan_df.o)
 .text          0x0000a5c0      0x194 c:/altera/12.0sp2/nios2eds/bin/gnu/h-i686-mingw32/bin/../lib/gcc/nios2-elf/4.1.2/mno-hw-mul\libgcc.a(_usi_to_df.o)
                0x0000a5c0                __floatunsidf
 .text          0x0000a754      0x14c c:/altera/12.0sp2/nios2eds/bin/gnu/h-i686-mingw32/bin/../lib/gcc/nios2-elf/4.1.2/mno-hw-mul\libgcc.a(lib2-divmod.o)
                0x0000a7d0                __divsi3
                0x0000a830                __modsi3
                0x0000a890                __udivsi3
                0x0000a898                __umodsi3
 .text          0x0000a8a0       0x38 c:/altera/12.0sp2/nios2eds/bin/gnu/h-i686-mingw32/bin/../lib/gcc/nios2-elf/4.1.2/mno-hw-mul\libgcc.a(lib2-mul.o)
                0x0000a8a0                __mulsi3
 .text          0x0000a8d8      0x124 c:/altera/12.0sp2/nios2eds/bin/gnu/h-i686-mingw32/bin/../lib/gcc/nios2-elf/4.1.2/mno-hw-mul\libgcc.a(_muldi3.o)
                0x0000a8d8                __muldi3
 .text          0x0000a9fc        0x0 c:/altera/12.0sp2/nios2eds/bin/gnu/h-i686-mingw32/bin/../lib/gcc/nios2-elf/4.1.2/mno-hw-mul\libgcc.a(_clz.o)
 .text          0x0000a9fc       0x80 c:/altera/12.0sp2/nios2eds/bin/gnu/h-i686-mingw32/bin/../lib/gcc/nios2-elf/4.1.2/mno-hw-mul\libgcc.a(_clzsi2.o)
                0x0000a9fc                __clzsi2
 .text          0x0000aa7c      0x314 c:/altera/12.0sp2/nios2eds/bin/gnu/h-i686-mingw32/bin/../lib/gcc/nios2-elf/4.1.2/mno-hw-mul\libgcc.a(_pack_df.o)
                0x0000aa7c                __pack_d
 .text          0x0000ad90      0x138 c:/altera/12.0sp2/nios2eds/bin/gnu/h-i686-mingw32/bin/../lib/gcc/nios2-elf/4.1.2/mno-hw-mul\libgcc.a(_unpack_df.o)
                0x0000ad90                __unpack_d
 .text          0x0000aec8       0xc8 c:/altera/12.0sp2/nios2eds/bin/gnu/h-i686-mingw32/bin/../lib/gcc/nios2-elf/4.1.2/mno-hw-mul\libgcc.a(_fpcmp_parts_df.o)
                0x0000aec8                __fpcmp_parts_d
 .text          0x0000af90      0x154 C:/Projects/csce351-finalproject/csce351-finalproject_bsp/\libhal_bsp.a(alt_alarm_start.o)
                0x0000af90                alt_alarm_start
 .text          0x0000b0e4      0x160 C:/Projects/csce351-finalproject/csce351-finalproject_bsp/\libhal_bsp.a(alt_close.o)
                0x0000b0e4                close
 .text          0x0000b244       0x2c C:/Projects/csce351-finalproject/csce351-finalproject_bsp/\libhal_bsp.a(alt_dev.o)
 .text          0x0000b270        0x0 C:/Projects/csce351-finalproject/csce351-finalproject_bsp/\libhal_bsp.a(alt_errno.o)
 .text          0x0000b270       0x60 C:/Projects/csce351-finalproject/csce351-finalproject_bsp/\libhal_bsp.a(alt_exit.o)
                0x0000b2b0                _exit
 .text          0x0000b2d0      0x138 C:/Projects/csce351-finalproject/csce351-finalproject_bsp/\libhal_bsp.a(alt_fstat.o)
                0x0000b2d0                fstat
 .text          0x0000b408      0x124 C:/Projects/csce351-finalproject/csce351-finalproject_bsp/\libhal_bsp.a(alt_isatty.o)
                0x0000b408                isatty
 .text          0x0000b52c       0xec C:/Projects/csce351-finalproject/csce351-finalproject_bsp/\libhal_bsp.a(alt_load.o)
                0x0000b52c                alt_load
 .text          0x0000b618      0x154 C:/Projects/csce351-finalproject/csce351-finalproject_bsp/\libhal_bsp.a(alt_lseek.o)
                0x0000b618                lseek
 .text          0x0000b76c       0x6c C:/Projects/csce351-finalproject/csce351-finalproject_bsp/\libhal_bsp.a(alt_main.o)
                0x0000b76c                alt_main
 .text          0x0000b7d8       0x40 C:/Projects/csce351-finalproject/csce351-finalproject_bsp/\libhal_bsp.a(alt_malloc_lock.o)
                0x0000b7d8                __malloc_lock
                0x0000b7f8                __malloc_unlock
 .text          0x0000b818      0x184 C:/Projects/csce351-finalproject/csce351-finalproject_bsp/\libhal_bsp.a(alt_read.o)
                0x0000b818                read
 .text          0x0000b99c       0x78 C:/Projects/csce351-finalproject/csce351-finalproject_bsp/\libhal_bsp.a(alt_release_fd.o)
                0x0000b99c                alt_release_fd
 .text          0x0000ba14       0xbc C:/Projects/csce351-finalproject/csce351-finalproject_bsp/\libhal_bsp.a(alt_sbrk.o)
                0x0000ba14                sbrk
 .text          0x0000bad0      0x1a4 C:/Projects/csce351-finalproject/csce351-finalproject_bsp/\libhal_bsp.a(alt_tick.o)
                0x0000bad0                alt_alarm_stop
                0x0000bb68                alt_tick
 .text          0x0000bc74      0x184 C:/Projects/csce351-finalproject/csce351-finalproject_bsp/\libhal_bsp.a(alt_write.o)
                0x0000bc74                write
 .text          0x0000bdf8       0xc8 C:/Projects/csce351-finalproject/csce351-finalproject_bsp/\libhal_bsp.a(alt_sys_init.o)
                0x0000bdf8                alt_irq_init
                0x0000be2c                alt_sys_init
 .text          0x0000bec0      0x148 C:/Projects/csce351-finalproject/csce351-finalproject_bsp/\libhal_bsp.a(altera_avalon_jtag_uart_fd.o)
                0x0000bec0                altera_avalon_jtag_uart_read_fd
                0x0000bf18                altera_avalon_jtag_uart_write_fd
                0x0000bf70                altera_avalon_jtag_uart_close_fd
                0x0000bfb8                altera_avalon_jtag_uart_ioctl_fd
 .text          0x0000c008      0x40c C:/Projects/csce351-finalproject/csce351-finalproject_bsp/\libhal_bsp.a(altera_avalon_jtag_uart_init.o)
                0x0000c008                altera_avalon_jtag_uart_init
                0x0000c3a0                altera_avalon_jtag_uart_close
 .text          0x0000c414       0xf4 C:/Projects/csce351-finalproject/csce351-finalproject_bsp/\libhal_bsp.a(altera_avalon_jtag_uart_ioctl.o)
                0x0000c414                altera_avalon_jtag_uart_ioctl
 .text          0x0000c508      0x224 C:/Projects/csce351-finalproject/csce351-finalproject_bsp/\libhal_bsp.a(altera_avalon_jtag_uart_read.o)
                0x0000c508                altera_avalon_jtag_uart_read
 .text          0x0000c72c      0x240 C:/Projects/csce351-finalproject/csce351-finalproject_bsp/\libhal_bsp.a(altera_avalon_jtag_uart_write.o)
                0x0000c72c                altera_avalon_jtag_uart_write
 .text          0x0000c96c      0x100 C:/Projects/csce351-finalproject/csce351-finalproject_bsp/\libhal_bsp.a(altera_avalon_timer_sc.o)
                0x0000c9dc                alt_avalon_timer_sc_init
 .text          0x0000ca6c       0x1c C:/Projects/csce351-finalproject/csce351-finalproject_bsp/\libhal_bsp.a(alt_dcache_flush_all.o)
                0x0000ca6c                alt_dcache_flush_all
 .text          0x0000ca88      0x114 C:/Projects/csce351-finalproject/csce351-finalproject_bsp/\libhal_bsp.a(alt_dev_llist_insert.o)
                0x0000ca88                alt_dev_llist_insert
 .text          0x0000cb9c       0x64 C:/Projects/csce351-finalproject/csce351-finalproject_bsp/\libhal_bsp.a(alt_do_ctors.o)
                0x0000cb9c                _do_ctors
 .text          0x0000cc00       0x64 C:/Projects/csce351-finalproject/csce351-finalproject_bsp/\libhal_bsp.a(alt_do_dtors.o)
                0x0000cc00                _do_dtors
 .text          0x0000cc64       0x1c C:/Projects/csce351-finalproject/csce351-finalproject_bsp/\libhal_bsp.a(alt_icache_flush_all.o)
                0x0000cc64                alt_icache_flush_all
 .text          0x0000cc80      0x1d4 C:/Projects/csce351-finalproject/csce351-finalproject_bsp/\libhal_bsp.a(alt_iic.o)
                0x0000cc80                alt_ic_isr_register
                0x0000ccd0                alt_ic_irq_enable
                0x0000cd6c                alt_ic_irq_disable
                0x0000ce0c                alt_ic_irq_enabled
 .text          0x0000ce54       0xf8 C:/Projects/csce351-finalproject/csce351-finalproject_bsp/\libhal_bsp.a(alt_iic_isr_register.o)
                0x0000ce54                alt_iic_isr_register
 .text          0x0000cf4c      0x150 C:/Projects/csce351-finalproject/csce351-finalproject_bsp/\libhal_bsp.a(alt_io_redirect.o)
                0x0000d024                alt_io_redirect
 .text          0x0000d09c        0x0 C:/Projects/csce351-finalproject/csce351-finalproject_bsp/\libhal_bsp.a(alt_irq_entry.o)
 .text          0x0000d09c        0x0 C:/Projects/csce351-finalproject/csce351-finalproject_bsp/\libhal_bsp.a(alt_irq_handler.o)
 .text          0x0000d09c        0x0 C:/Projects/csce351-finalproject/csce351-finalproject_bsp/\libhal_bsp.a(alt_irq_vars.o)
 .text          0x0000d09c      0x2e4 C:/Projects/csce351-finalproject/csce351-finalproject_bsp/\libhal_bsp.a(alt_open.o)
                0x0000d194                open
 .text          0x0000d380       0x20 C:/Projects/csce351-finalproject/csce351-finalproject_bsp/\libhal_bsp.a(altera_nios2_irq.o)
                0x0000d380                altera_nios2_irq_init
 .text          0x0000d3a0        0x0 C:/Projects/csce351-finalproject/csce351-finalproject_bsp/\libhal_bsp.a(alt_exception_entry.o)
 .text          0x0000d3a0       0x94 C:/Projects/csce351-finalproject/csce351-finalproject_bsp/\libhal_bsp.a(alt_find_dev.o)
                0x0000d3a0                alt_find_dev
 .text          0x0000d434      0x120 C:/Projects/csce351-finalproject/csce351-finalproject_bsp/\libhal_bsp.a(alt_find_file.o)
                0x0000d434                alt_find_file
 .text          0x0000d554       0xd0 C:/Projects/csce351-finalproject/csce351-finalproject_bsp/\libhal_bsp.a(alt_get_fd.o)
                0x0000d554                alt_get_fd
 .text          0x0000d624       0x14 c:/altera/12.0sp2/nios2eds/bin/gnu/h-i686-mingw32/bin/../lib/gcc/nios2-elf/4.1.2/../../../../nios2-elf/lib/mno-hw-mul\libc.a(lib_a-atexit.o)
                0x0000d624                atexit
 .text          0x0000d638       0x74 c:/altera/12.0sp2/nios2eds/bin/gnu/h-i686-mingw32/bin/../lib/gcc/nios2-elf/4.1.2/../../../../nios2-elf/lib/mno-hw-mul\libc.a(lib_a-memcmp.o)
                0x0000d638                memcmp
 .text          0x0000d6ac      0x134 c:/altera/12.0sp2/nios2eds/bin/gnu/h-i686-mingw32/bin/../lib/gcc/nios2-elf/4.1.2/../../../../nios2-elf/lib/mno-hw-mul\libc.a(lib_a-__atexit.o)
                0x0000d6ac                __register_exitproc
 *(.gnu.warning.*)
 *(.fini)
                0x0000d7e0                PROVIDE (__etext, ABSOLUTE (.))
                0x0000d7e0                PROVIDE (_etext, ABSOLUTE (.))
                0x0000d7e0                PROVIDE (etext, ABSOLUTE (.))
 *(.eh_frame_hdr)
                0x0000d7e0                . = ALIGN (0x4)
                0x0000d7e0                PROVIDE (__preinit_array_start, ABSOLUTE (.))
 *(.preinit_array)
                0x0000d7e0                PROVIDE (__preinit_array_end, ABSOLUTE (.))
                0x0000d7e0                PROVIDE (__init_array_start, ABSOLUTE (.))
 *(.init_array)
                0x0000d7e0                PROVIDE (__init_array_end, ABSOLUTE (.))
                0x0000d7e0                PROVIDE (__fini_array_start, ABSOLUTE (.))
 *(.fini_array)
                0x0000d7e0                PROVIDE (__fini_array_end, ABSOLUTE (.))
 *(.eh_frame)
 .eh_frame      0x0000d7e0       0x40 c:/altera/12.0sp2/nios2eds/bin/gnu/h-i686-mingw32/bin/../lib/gcc/nios2-elf/4.1.2/mno-hw-mul\libgcc.a(_udivdi3.o)
 .eh_frame      0x0000d820       0x2c c:/altera/12.0sp2/nios2eds/bin/gnu/h-i686-mingw32/bin/../lib/gcc/nios2-elf/4.1.2/mno-hw-mul\libgcc.a(_umoddi3.o)
                                 0x40 (size before relaxing)
 *(.gcc_except_table)
 *(.dynamic)
                0x0000d84c                PROVIDE (__CTOR_LIST__, ABSOLUTE (.))
 *(.ctors)
 *(SORT(.ctors.*))
 .ctors.65535   0x0000d84c        0x4 c:/altera/12.0sp2/nios2eds/bin/gnu/h-i686-mingw32/bin/../lib/gcc/nios2-elf/4.1.2/../../../../nios2-elf/lib/mno-hw-mul\libc.a(lib_a-__call_atexit.o)
                0x0000d850                PROVIDE (__CTOR_END__, ABSOLUTE (.))
                0x0000d850                PROVIDE (__DTOR_LIST__, ABSOLUTE (.))
 *(.dtors)
 *(SORT(.dtors.*))
                0x0000d850                PROVIDE (__DTOR_END__, ABSOLUTE (.))
 *(.jcr)
                0x0000d850                . = ALIGN (0x4)

.rodata         0x0000d850      0x558
                0x0000d850                PROVIDE (__ram_rodata_start, ABSOLUTE (.))
                0x0000d850                . = ALIGN (0x4)
 *(.rodata .rodata.* .gnu.linkonce.r.*)
 .rodata        0x0000d850       0x20 obj/default/alarm_handler.o
 .rodata        0x0000d870       0x1c obj/default/blocked_queue.o
 .rodata        0x0000d88c        0xc obj/default/mysem.o
 .rodata        0x0000d898      0x174 obj/default/project1.o
 .rodata        0x0000da0c       0x1c obj/default/queue.o
 .rodata        0x0000da28       0x44 obj/default/thread_handler.o
 .rodata.str1.4
                0x0000da6c        0x2 c:/altera/12.0sp2/nios2eds/bin/gnu/h-i686-mingw32/bin/../lib/gcc/nios2-elf/4.1.2/../../../../nios2-elf/lib/mno-hw-mul\libc.a(lib_a-impure.o)
                                  0x4 (size before relaxing)
 *fill*         0x0000da6e        0x2 00
 .rodata.str1.4
                0x0000da70        0x2 c:/altera/12.0sp2/nios2eds/bin/gnu/h-i686-mingw32/bin/../lib/gcc/nios2-elf/4.1.2/../../../../nios2-elf/lib/mno-hw-mul\libc.a(lib_a-puts.o)
                                  0x4 (size before relaxing)
 *fill*         0x0000da72        0x2 00
 .rodata.str1.4
                0x0000da74       0x5e c:/altera/12.0sp2/nios2eds/bin/gnu/h-i686-mingw32/bin/../lib/gcc/nios2-elf/4.1.2/../../../../nios2-elf/lib/mno-hw-mul\libc.a(lib_a-vfprintf.o)
                                 0x60 (size before relaxing)
 .rodata        0x0000dad2       0x20 c:/altera/12.0sp2/nios2eds/bin/gnu/h-i686-mingw32/bin/../lib/gcc/nios2-elf/4.1.2/../../../../nios2-elf/lib/mno-hw-mul\libc.a(lib_a-vfprintf.o)
 *fill*         0x0000daf2        0x2 00
 .rodata.str1.4
                0x0000daf4       0x10 c:/altera/12.0sp2/nios2eds/bin/gnu/h-i686-mingw32/bin/../lib/gcc/nios2-elf/4.1.2/../../../../nios2-elf/lib/mno-hw-mul\libc.a(lib_a-dtoa.o)
                                 0x14 (size before relaxing)
 .rodata.str1.4
                0x0000db04       0x10 c:/altera/12.0sp2/nios2eds/bin/gnu/h-i686-mingw32/bin/../lib/gcc/nios2-elf/4.1.2/../../../../nios2-elf/lib/mno-hw-mul\libc.a(lib_a-locale.o)
                                 0x18 (size before relaxing)
 .rodata        0x0000db14       0x30 c:/altera/12.0sp2/nios2eds/bin/gnu/h-i686-mingw32/bin/../lib/gcc/nios2-elf/4.1.2/../../../../nios2-elf/lib/mno-hw-mul\libc.a(lib_a-locale.o)
 .rodata        0x0000db44      0x124 c:/altera/12.0sp2/nios2eds/bin/gnu/h-i686-mingw32/bin/../lib/gcc/nios2-elf/4.1.2/../../../../nios2-elf/lib/mno-hw-mul\libc.a(lib_a-mprec.o)
                0x0000db44                __mprec_tens
                0x0000dc0c                __mprec_bigtens
                0x0000dc34                __mprec_tinytens
 .rodata        0x0000dc68       0x14 c:/altera/12.0sp2/nios2eds/bin/gnu/h-i686-mingw32/bin/../lib/gcc/nios2-elf/4.1.2/mno-hw-mul\libgcc.a(_thenan_df.o)
                0x0000dc68                __thenan_df
 .rodata        0x0000dc7c      0x100 c:/altera/12.0sp2/nios2eds/bin/gnu/h-i686-mingw32/bin/../lib/gcc/nios2-elf/4.1.2/mno-hw-mul\libgcc.a(_clz.o)
                0x0000dc7c                __clz_tab
 .rodata        0x0000dd7c        0xc C:/Projects/csce351-finalproject/csce351-finalproject_bsp/\libhal_bsp.a(alt_dev.o)
 .rodata        0x0000dd88       0x10 C:/Projects/csce351-finalproject/csce351-finalproject_bsp/\libhal_bsp.a(alt_main.o)
 .rodata        0x0000dd98       0x10 C:/Projects/csce351-finalproject/csce351-finalproject_bsp/\libhal_bsp.a(alt_sys_init.o)
 *(.rodata1)
                0x0000dda8                . = ALIGN (0x4)
                0x0000dda8                PROVIDE (__ram_rodata_end, ABSOLUTE (.))
                0x0000d850                PROVIDE (__flash_rodata_start, LOADADDR (.rodata))

.rwdata         0x0000dda8     0x1a5c load address 0x0000f804
                0x0000dda8                PROVIDE (__ram_rwdata_start, ABSOLUTE (.))
                0x0000dda8                . = ALIGN (0x4)
 *(.got.plt)
 *(.got)
 *(.data1)
 *(.data .data.* .gnu.linkonce.d.*)
 .data          0x0000dda8        0x0 C:/Projects/csce351-finalproject/csce351-finalproject_bsp//obj/HAL/src/crt0.o
 .data          0x0000dda8        0x0 obj/default/alarm_handler.o
 .data          0x0000dda8        0x0 obj/default/blocked_queue.o
 .data          0x0000dda8        0x0 obj/default/mysem.o
 .data          0x0000dda8        0x0 obj/default/project1.o
 .data          0x0000dda8        0x0 obj/default/queue.o
 .data          0x0000dda8        0x0 obj/default/thread_handler.o
 .data          0x0000dda8        0x0 obj/default/exception_handler.o
 .data          0x0000dda8        0x0 c:/altera/12.0sp2/nios2eds/bin/gnu/h-i686-mingw32/bin/../lib/gcc/nios2-elf/4.1.2/../../../../nios2-elf/lib/mno-hw-mul\libc.a(lib_a-exit.o)
 .data          0x0000dda8      0x400 c:/altera/12.0sp2/nios2eds/bin/gnu/h-i686-mingw32/bin/../lib/gcc/nios2-elf/4.1.2/../../../../nios2-elf/lib/mno-hw-mul\libc.a(lib_a-impure.o)
 .data          0x0000e1a8        0x0 c:/altera/12.0sp2/nios2eds/bin/gnu/h-i686-mingw32/bin/../lib/gcc/nios2-elf/4.1.2/../../../../nios2-elf/lib/mno-hw-mul\libc.a(lib_a-malloc.o)
 .data          0x0000e1a8      0x408 c:/altera/12.0sp2/nios2eds/bin/gnu/h-i686-mingw32/bin/../lib/gcc/nios2-elf/4.1.2/../../../../nios2-elf/lib/mno-hw-mul\libc.a(lib_a-mallocr.o)
                0x0000e1a8                __malloc_av_
 .data          0x0000e5b0        0x0 c:/altera/12.0sp2/nios2eds/bin/gnu/h-i686-mingw32/bin/../lib/gcc/nios2-elf/4.1.2/../../../../nios2-elf/lib/mno-hw-mul\libc.a(lib_a-printf.o)
 .data          0x0000e5b0        0x0 c:/altera/12.0sp2/nios2eds/bin/gnu/h-i686-mingw32/bin/../lib/gcc/nios2-elf/4.1.2/../../../../nios2-elf/lib/mno-hw-mul\libc.a(lib_a-putchar.o)
 .data          0x0000e5b0        0x0 c:/altera/12.0sp2/nios2eds/bin/gnu/h-i686-mingw32/bin/../lib/gcc/nios2-elf/4.1.2/../../../../nios2-elf/lib/mno-hw-mul\libc.a(lib_a-puts.o)
 .data          0x0000e5b0        0x0 c:/altera/12.0sp2/nios2eds/bin/gnu/h-i686-mingw32/bin/../lib/gcc/nios2-elf/4.1.2/../../../../nios2-elf/lib/mno-hw-mul\libc.a(lib_a-sbrkr.o)
 .data          0x0000e5b0        0x0 c:/altera/12.0sp2/nios2eds/bin/gnu/h-i686-mingw32/bin/../lib/gcc/nios2-elf/4.1.2/../../../../nios2-elf/lib/mno-hw-mul\libc.a(lib_a-strlen.o)
 .data          0x0000e5b0        0x0 c:/altera/12.0sp2/nios2eds/bin/gnu/h-i686-mingw32/bin/../lib/gcc/nios2-elf/4.1.2/../../../../nios2-elf/lib/mno-hw-mul\libc.a(lib_a-vfprintf.o)
 .data          0x0000e5b0        0x0 c:/altera/12.0sp2/nios2eds/bin/gnu/h-i686-mingw32/bin/../lib/gcc/nios2-elf/4.1.2/../../../../nios2-elf/lib/mno-hw-mul\libc.a(lib_a-wsetup.o)
 .data          0x0000e5b0        0x0 c:/altera/12.0sp2/nios2eds/bin/gnu/h-i686-mingw32/bin/../lib/gcc/nios2-elf/4.1.2/../../../../nios2-elf/lib/mno-hw-mul\libc.a(lib_a-__call_atexit.o)
 .data          0x0000e5b0        0x0 c:/altera/12.0sp2/nios2eds/bin/gnu/h-i686-mingw32/bin/../lib/gcc/nios2-elf/4.1.2/../../../../nios2-elf/lib/mno-hw-mul\libc.a(lib_a-dtoa.o)
 .data          0x0000e5b0        0x0 c:/altera/12.0sp2/nios2eds/bin/gnu/h-i686-mingw32/bin/../lib/gcc/nios2-elf/4.1.2/../../../../nios2-elf/lib/mno-hw-mul\libc.a(lib_a-fflush.o)
 .data          0x0000e5b0        0x0 c:/altera/12.0sp2/nios2eds/bin/gnu/h-i686-mingw32/bin/../lib/gcc/nios2-elf/4.1.2/../../../../nios2-elf/lib/mno-hw-mul\libc.a(lib_a-findfp.o)
 .data          0x0000e5b0        0x0 c:/altera/12.0sp2/nios2eds/bin/gnu/h-i686-mingw32/bin/../lib/gcc/nios2-elf/4.1.2/../../../../nios2-elf/lib/mno-hw-mul\libc.a(lib_a-freer.o)
 .data          0x0000e5b0        0x0 c:/altera/12.0sp2/nios2eds/bin/gnu/h-i686-mingw32/bin/../lib/gcc/nios2-elf/4.1.2/../../../../nios2-elf/lib/mno-hw-mul\libc.a(lib_a-fvwrite.o)
 .data          0x0000e5b0        0x0 c:/altera/12.0sp2/nios2eds/bin/gnu/h-i686-mingw32/bin/../lib/gcc/nios2-elf/4.1.2/../../../../nios2-elf/lib/mno-hw-mul\libc.a(lib_a-fwalk.o)
 .data          0x0000e5b0        0x0 c:/altera/12.0sp2/nios2eds/bin/gnu/h-i686-mingw32/bin/../lib/gcc/nios2-elf/4.1.2/../../../../nios2-elf/lib/mno-hw-mul\libc.a(lib_a-int_errno.o)
 .data          0x0000e5b0        0xc c:/altera/12.0sp2/nios2eds/bin/gnu/h-i686-mingw32/bin/../lib/gcc/nios2-elf/4.1.2/../../../../nios2-elf/lib/mno-hw-mul\libc.a(lib_a-locale.o)
                0x0000e5b0                __lc_ctype
 .data          0x0000e5bc        0x0 c:/altera/12.0sp2/nios2eds/bin/gnu/h-i686-mingw32/bin/../lib/gcc/nios2-elf/4.1.2/../../../../nios2-elf/lib/mno-hw-mul\libc.a(lib_a-makebuf.o)
 .data          0x0000e5bc        0x0 c:/altera/12.0sp2/nios2eds/bin/gnu/h-i686-mingw32/bin/../lib/gcc/nios2-elf/4.1.2/../../../../nios2-elf/lib/mno-hw-mul\libc.a(lib_a-memchr.o)
 .data          0x0000e5bc        0x0 c:/altera/12.0sp2/nios2eds/bin/gnu/h-i686-mingw32/bin/../lib/gcc/nios2-elf/4.1.2/../../../../nios2-elf/lib/mno-hw-mul\libc.a(lib_a-memcpy.o)
 .data          0x0000e5bc        0x0 c:/altera/12.0sp2/nios2eds/bin/gnu/h-i686-mingw32/bin/../lib/gcc/nios2-elf/4.1.2/../../../../nios2-elf/lib/mno-hw-mul\libc.a(lib_a-memmove.o)
 .data          0x0000e5bc        0x0 c:/altera/12.0sp2/nios2eds/bin/gnu/h-i686-mingw32/bin/../lib/gcc/nios2-elf/4.1.2/../../../../nios2-elf/lib/mno-hw-mul\libc.a(lib_a-memset.o)
 .data          0x0000e5bc        0x0 c:/altera/12.0sp2/nios2eds/bin/gnu/h-i686-mingw32/bin/../lib/gcc/nios2-elf/4.1.2/../../../../nios2-elf/lib/mno-hw-mul\libc.a(lib_a-mprec.o)
 .data          0x0000e5bc        0x0 c:/altera/12.0sp2/nios2eds/bin/gnu/h-i686-mingw32/bin/../lib/gcc/nios2-elf/4.1.2/../../../../nios2-elf/lib/mno-hw-mul\libc.a(lib_a-putc.o)
 .data          0x0000e5bc        0x0 c:/altera/12.0sp2/nios2eds/bin/gnu/h-i686-mingw32/bin/../lib/gcc/nios2-elf/4.1.2/../../../../nios2-elf/lib/mno-hw-mul\libc.a(lib_a-reallocr.o)
 .data          0x0000e5bc        0x0 c:/altera/12.0sp2/nios2eds/bin/gnu/h-i686-mingw32/bin/../lib/gcc/nios2-elf/4.1.2/../../../../nios2-elf/lib/mno-hw-mul\libc.a(lib_a-s_isinfd.o)
 .data          0x0000e5bc        0x0 c:/altera/12.0sp2/nios2eds/bin/gnu/h-i686-mingw32/bin/../lib/gcc/nios2-elf/4.1.2/../../../../nios2-elf/lib/mno-hw-mul\libc.a(lib_a-s_isnand.o)
 .data          0x0000e5bc        0x0 c:/altera/12.0sp2/nios2eds/bin/gnu/h-i686-mingw32/bin/../lib/gcc/nios2-elf/4.1.2/../../../../nios2-elf/lib/mno-hw-mul\libc.a(lib_a-stdio.o)
 .data          0x0000e5bc        0x0 c:/altera/12.0sp2/nios2eds/bin/gnu/h-i686-mingw32/bin/../lib/gcc/nios2-elf/4.1.2/../../../../nios2-elf/lib/mno-hw-mul\libc.a(lib_a-strcmp.o)
 .data          0x0000e5bc        0x0 c:/altera/12.0sp2/nios2eds/bin/gnu/h-i686-mingw32/bin/../lib/gcc/nios2-elf/4.1.2/../../../../nios2-elf/lib/mno-hw-mul\libc.a(lib_a-wbuf.o)
 .data          0x0000e5bc        0x0 c:/altera/12.0sp2/nios2eds/bin/gnu/h-i686-mingw32/bin/../lib/gcc/nios2-elf/4.1.2/../../../../nios2-elf/lib/mno-hw-mul\libc.a(lib_a-writer.o)
 .data          0x0000e5bc        0x0 c:/altera/12.0sp2/nios2eds/bin/gnu/h-i686-mingw32/bin/../lib/gcc/nios2-elf/4.1.2/../../../../nios2-elf/lib/mno-hw-mul\libc.a(lib_a-callocr.o)
 .data          0x0000e5bc        0x0 c:/altera/12.0sp2/nios2eds/bin/gnu/h-i686-mingw32/bin/../lib/gcc/nios2-elf/4.1.2/../../../../nios2-elf/lib/mno-hw-mul\libc.a(lib_a-closer.o)
 .data          0x0000e5bc        0x0 c:/altera/12.0sp2/nios2eds/bin/gnu/h-i686-mingw32/bin/../lib/gcc/nios2-elf/4.1.2/../../../../nios2-elf/lib/mno-hw-mul\libc.a(lib_a-fclose.o)
 .data          0x0000e5bc        0x0 c:/altera/12.0sp2/nios2eds/bin/gnu/h-i686-mingw32/bin/../lib/gcc/nios2-elf/4.1.2/../../../../nios2-elf/lib/mno-hw-mul\libc.a(lib_a-fstatr.o)
 .data          0x0000e5bc        0x0 c:/altera/12.0sp2/nios2eds/bin/gnu/h-i686-mingw32/bin/../lib/gcc/nios2-elf/4.1.2/../../../../nios2-elf/lib/mno-hw-mul\libc.a(lib_a-isattyr.o)
 .data          0x0000e5bc        0x0 c:/altera/12.0sp2/nios2eds/bin/gnu/h-i686-mingw32/bin/../lib/gcc/nios2-elf/4.1.2/../../../../nios2-elf/lib/mno-hw-mul\libc.a(lib_a-lseekr.o)
 .data          0x0000e5bc        0x0 c:/altera/12.0sp2/nios2eds/bin/gnu/h-i686-mingw32/bin/../lib/gcc/nios2-elf/4.1.2/../../../../nios2-elf/lib/mno-hw-mul\libc.a(lib_a-readr.o)
 .data          0x0000e5bc        0x0 c:/altera/12.0sp2/nios2eds/bin/gnu/h-i686-mingw32/bin/../lib/gcc/nios2-elf/4.1.2/mno-hw-mul\libgcc.a(_udivdi3.o)
 .data          0x0000e5bc        0x0 c:/altera/12.0sp2/nios2eds/bin/gnu/h-i686-mingw32/bin/../lib/gcc/nios2-elf/4.1.2/mno-hw-mul\libgcc.a(_umoddi3.o)
 .data          0x0000e5bc        0x0 c:/altera/12.0sp2/nios2eds/bin/gnu/h-i686-mingw32/bin/../lib/gcc/nios2-elf/4.1.2/mno-hw-mul\libgcc.a(_addsub_df.o)
 .data          0x0000e5bc        0x0 c:/altera/12.0sp2/nios2eds/bin/gnu/h-i686-mingw32/bin/../lib/gcc/nios2-elf/4.1.2/mno-hw-mul\libgcc.a(_mul_df.o)
 .data          0x0000e5bc        0x0 c:/altera/12.0sp2/nios2eds/bin/gnu/h-i686-mingw32/bin/../lib/gcc/nios2-elf/4.1.2/mno-hw-mul\libgcc.a(_div_df.o)
 .data          0x0000e5bc        0x0 c:/altera/12.0sp2/nios2eds/bin/gnu/h-i686-mingw32/bin/../lib/gcc/nios2-elf/4.1.2/mno-hw-mul\libgcc.a(_eq_df.o)
 .data          0x0000e5bc        0x0 c:/altera/12.0sp2/nios2eds/bin/gnu/h-i686-mingw32/bin/../lib/gcc/nios2-elf/4.1.2/mno-hw-mul\libgcc.a(_ne_df.o)
 .data          0x0000e5bc        0x0 c:/altera/12.0sp2/nios2eds/bin/gnu/h-i686-mingw32/bin/../lib/gcc/nios2-elf/4.1.2/mno-hw-mul\libgcc.a(_gt_df.o)
 .data          0x0000e5bc        0x0 c:/altera/12.0sp2/nios2eds/bin/gnu/h-i686-mingw32/bin/../lib/gcc/nios2-elf/4.1.2/mno-hw-mul\libgcc.a(_ge_df.o)
 .data          0x0000e5bc        0x0 c:/altera/12.0sp2/nios2eds/bin/gnu/h-i686-mingw32/bin/../lib/gcc/nios2-elf/4.1.2/mno-hw-mul\libgcc.a(_lt_df.o)
 .data          0x0000e5bc        0x0 c:/altera/12.0sp2/nios2eds/bin/gnu/h-i686-mingw32/bin/../lib/gcc/nios2-elf/4.1.2/mno-hw-mul\libgcc.a(_si_to_df.o)
 .data          0x0000e5bc        0x0 c:/altera/12.0sp2/nios2eds/bin/gnu/h-i686-mingw32/bin/../lib/gcc/nios2-elf/4.1.2/mno-hw-mul\libgcc.a(_df_to_si.o)
 .data          0x0000e5bc        0x0 c:/altera/12.0sp2/nios2eds/bin/gnu/h-i686-mingw32/bin/../lib/gcc/nios2-elf/4.1.2/mno-hw-mul\libgcc.a(_thenan_df.o)
 .data          0x0000e5bc        0x0 c:/altera/12.0sp2/nios2eds/bin/gnu/h-i686-mingw32/bin/../lib/gcc/nios2-elf/4.1.2/mno-hw-mul\libgcc.a(_usi_to_df.o)
 .data          0x0000e5bc        0x0 c:/altera/12.0sp2/nios2eds/bin/gnu/h-i686-mingw32/bin/../lib/gcc/nios2-elf/4.1.2/mno-hw-mul\libgcc.a(lib2-divmod.o)
 .data          0x0000e5bc        0x0 c:/altera/12.0sp2/nios2eds/bin/gnu/h-i686-mingw32/bin/../lib/gcc/nios2-elf/4.1.2/mno-hw-mul\libgcc.a(lib2-mul.o)
 .data          0x0000e5bc        0x0 c:/altera/12.0sp2/nios2eds/bin/gnu/h-i686-mingw32/bin/../lib/gcc/nios2-elf/4.1.2/mno-hw-mul\libgcc.a(_muldi3.o)
 .data          0x0000e5bc        0x0 c:/altera/12.0sp2/nios2eds/bin/gnu/h-i686-mingw32/bin/../lib/gcc/nios2-elf/4.1.2/mno-hw-mul\libgcc.a(_clz.o)
 .data          0x0000e5bc        0x0 c:/altera/12.0sp2/nios2eds/bin/gnu/h-i686-mingw32/bin/../lib/gcc/nios2-elf/4.1.2/mno-hw-mul\libgcc.a(_clzsi2.o)
 .data          0x0000e5bc        0x0 c:/altera/12.0sp2/nios2eds/bin/gnu/h-i686-mingw32/bin/../lib/gcc/nios2-elf/4.1.2/mno-hw-mul\libgcc.a(_pack_df.o)
 .data          0x0000e5bc        0x0 c:/altera/12.0sp2/nios2eds/bin/gnu/h-i686-mingw32/bin/../lib/gcc/nios2-elf/4.1.2/mno-hw-mul\libgcc.a(_unpack_df.o)
 .data          0x0000e5bc        0x0 c:/altera/12.0sp2/nios2eds/bin/gnu/h-i686-mingw32/bin/../lib/gcc/nios2-elf/4.1.2/mno-hw-mul\libgcc.a(_fpcmp_parts_df.o)
 .data          0x0000e5bc        0x0 C:/Projects/csce351-finalproject/csce351-finalproject_bsp/\libhal_bsp.a(alt_alarm_start.o)
 .data          0x0000e5bc        0x0 C:/Projects/csce351-finalproject/csce351-finalproject_bsp/\libhal_bsp.a(alt_close.o)
 .data          0x0000e5bc      0x1a8 C:/Projects/csce351-finalproject/csce351-finalproject_bsp/\libhal_bsp.a(alt_dev.o)
                0x0000e5bc                alt_dev_null
                0x0000e5e4                alt_fd_list
 .data          0x0000e764        0x0 C:/Projects/csce351-finalproject/csce351-finalproject_bsp/\libhal_bsp.a(alt_errno.o)
 .data          0x0000e764        0x0 C:/Projects/csce351-finalproject/csce351-finalproject_bsp/\libhal_bsp.a(alt_exit.o)
 .data          0x0000e764        0x0 C:/Projects/csce351-finalproject/csce351-finalproject_bsp/\libhal_bsp.a(alt_fstat.o)
 .data          0x0000e764        0x0 C:/Projects/csce351-finalproject/csce351-finalproject_bsp/\libhal_bsp.a(alt_isatty.o)
 .data          0x0000e764        0x0 C:/Projects/csce351-finalproject/csce351-finalproject_bsp/\libhal_bsp.a(alt_load.o)
 .data          0x0000e764        0x0 C:/Projects/csce351-finalproject/csce351-finalproject_bsp/\libhal_bsp.a(alt_lseek.o)
 .data          0x0000e764        0x0 C:/Projects/csce351-finalproject/csce351-finalproject_bsp/\libhal_bsp.a(alt_main.o)
 .data          0x0000e764        0x0 C:/Projects/csce351-finalproject/csce351-finalproject_bsp/\libhal_bsp.a(alt_malloc_lock.o)
 .data          0x0000e764        0x0 C:/Projects/csce351-finalproject/csce351-finalproject_bsp/\libhal_bsp.a(alt_read.o)
 .data          0x0000e764        0x0 C:/Projects/csce351-finalproject/csce351-finalproject_bsp/\libhal_bsp.a(alt_release_fd.o)
 .data          0x0000e764        0x0 C:/Projects/csce351-finalproject/csce351-finalproject_bsp/\libhal_bsp.a(alt_sbrk.o)
 .data          0x0000e764        0x0 C:/Projects/csce351-finalproject/csce351-finalproject_bsp/\libhal_bsp.a(alt_tick.o)
 .data          0x0000e764        0x0 C:/Projects/csce351-finalproject/csce351-finalproject_bsp/\libhal_bsp.a(alt_write.o)
 .data          0x0000e764     0x1060 C:/Projects/csce351-finalproject/csce351-finalproject_bsp/\libhal_bsp.a(alt_sys_init.o)
 .data          0x0000f7c4        0x0 C:/Projects/csce351-finalproject/csce351-finalproject_bsp/\libhal_bsp.a(altera_avalon_jtag_uart_fd.o)
 .data          0x0000f7c4        0x0 C:/Projects/csce351-finalproject/csce351-finalproject_bsp/\libhal_bsp.a(altera_avalon_jtag_uart_init.o)
 .data          0x0000f7c4        0x0 C:/Projects/csce351-finalproject/csce351-finalproject_bsp/\libhal_bsp.a(altera_avalon_jtag_uart_ioctl.o)
 .data          0x0000f7c4        0x0 C:/Projects/csce351-finalproject/csce351-finalproject_bsp/\libhal_bsp.a(altera_avalon_jtag_uart_read.o)
 .data          0x0000f7c4        0x0 C:/Projects/csce351-finalproject/csce351-finalproject_bsp/\libhal_bsp.a(altera_avalon_jtag_uart_write.o)
 .data          0x0000f7c4        0x0 C:/Projects/csce351-finalproject/csce351-finalproject_bsp/\libhal_bsp.a(altera_avalon_timer_sc.o)
 .data          0x0000f7c4        0x0 C:/Projects/csce351-finalproject/csce351-finalproject_bsp/\libhal_bsp.a(alt_dcache_flush_all.o)
 .data          0x0000f7c4        0x0 C:/Projects/csce351-finalproject/csce351-finalproject_bsp/\libhal_bsp.a(alt_dev_llist_insert.o)
 .data          0x0000f7c4        0x0 C:/Projects/csce351-finalproject/csce351-finalproject_bsp/\libhal_bsp.a(alt_do_ctors.o)
 .data          0x0000f7c4        0x0 C:/Projects/csce351-finalproject/csce351-finalproject_bsp/\libhal_bsp.a(alt_do_dtors.o)
 .data          0x0000f7c4        0x0 C:/Projects/csce351-finalproject/csce351-finalproject_bsp/\libhal_bsp.a(alt_icache_flush_all.o)
 .data          0x0000f7c4        0x0 C:/Projects/csce351-finalproject/csce351-finalproject_bsp/\libhal_bsp.a(alt_iic.o)
 .data          0x0000f7c4        0x0 C:/Projects/csce351-finalproject/csce351-finalproject_bsp/\libhal_bsp.a(alt_iic_isr_register.o)
 .data          0x0000f7c4        0x0 C:/Projects/csce351-finalproject/csce351-finalproject_bsp/\libhal_bsp.a(alt_io_redirect.o)
 .data          0x0000f7c4        0x0 C:/Projects/csce351-finalproject/csce351-finalproject_bsp/\libhal_bsp.a(alt_irq_entry.o)
 .data          0x0000f7c4        0x0 C:/Projects/csce351-finalproject/csce351-finalproject_bsp/\libhal_bsp.a(alt_irq_handler.o)
 .data          0x0000f7c4        0x0 C:/Projects/csce351-finalproject/csce351-finalproject_bsp/\libhal_bsp.a(alt_irq_vars.o)
 .data          0x0000f7c4        0x0 C:/Projects/csce351-finalproject/csce351-finalproject_bsp/\libhal_bsp.a(alt_open.o)
 .data          0x0000f7c4        0x0 C:/Projects/csce351-finalproject/csce351-finalproject_bsp/\libhal_bsp.a(altera_nios2_irq.o)
 .data          0x0000f7c4        0x0 C:/Projects/csce351-finalproject/csce351-finalproject_bsp/\libhal_bsp.a(alt_exception_entry.o)
 .data          0x0000f7c4        0x0 C:/Projects/csce351-finalproject/csce351-finalproject_bsp/\libhal_bsp.a(alt_find_dev.o)
 .data          0x0000f7c4        0x0 C:/Projects/csce351-finalproject/csce351-finalproject_bsp/\libhal_bsp.a(alt_find_file.o)
 .data          0x0000f7c4        0x0 C:/Projects/csce351-finalproject/csce351-finalproject_bsp/\libhal_bsp.a(alt_get_fd.o)
 .data          0x0000f7c4        0x0 c:/altera/12.0sp2/nios2eds/bin/gnu/h-i686-mingw32/bin/../lib/gcc/nios2-elf/4.1.2/../../../../nios2-elf/lib/mno-hw-mul\libc.a(lib_a-atexit.o)
 .data          0x0000f7c4        0x0 c:/altera/12.0sp2/nios2eds/bin/gnu/h-i686-mingw32/bin/../lib/gcc/nios2-elf/4.1.2/../../../../nios2-elf/lib/mno-hw-mul\libc.a(lib_a-memcmp.o)
 .data          0x0000f7c4        0x0 c:/altera/12.0sp2/nios2eds/bin/gnu/h-i686-mingw32/bin/../lib/gcc/nios2-elf/4.1.2/../../../../nios2-elf/lib/mno-hw-mul\libc.a(lib_a-__atexit.o)
                0x000177c4                _gp = ABSOLUTE ((. + 0x8000))
                0x000177c4                PROVIDE (gp, _gp)
 *(.rwdata .rwdata.*)
 *(.sdata .sdata.* .gnu.linkonce.s.*)
 .sdata         0x0000f7c4        0x8 c:/altera/12.0sp2/nios2eds/bin/gnu/h-i686-mingw32/bin/../lib/gcc/nios2-elf/4.1.2/../../../../nios2-elf/lib/mno-hw-mul\libc.a(lib_a-impure.o)
                0x0000f7c4                _impure_ptr
                0x0000f7c8                _global_impure_ptr
 .sdata         0x0000f7cc        0x8 c:/altera/12.0sp2/nios2eds/bin/gnu/h-i686-mingw32/bin/../lib/gcc/nios2-elf/4.1.2/../../../../nios2-elf/lib/mno-hw-mul\libc.a(lib_a-mallocr.o)
                0x0000f7cc                __malloc_trim_threshold
                0x0000f7d0                __malloc_sbrk_base
 .sdata         0x0000f7d4        0x8 c:/altera/12.0sp2/nios2eds/bin/gnu/h-i686-mingw32/bin/../lib/gcc/nios2-elf/4.1.2/../../../../nios2-elf/lib/mno-hw-mul\libc.a(lib_a-locale.o)
                0x0000f7d4                __mb_cur_max
 .sdata         0x0000f7dc       0x14 C:/Projects/csce351-finalproject/csce351-finalproject_bsp/\libhal_bsp.a(alt_dev.o)
                0x0000f7dc                alt_fs_list
                0x0000f7e4                alt_dev_list
                0x0000f7ec                alt_max_fd
 .sdata         0x0000f7f0        0x4 C:/Projects/csce351-finalproject/csce351-finalproject_bsp/\libhal_bsp.a(alt_errno.o)
                0x0000f7f0                alt_errno
 .sdata         0x0000f7f4        0x4 C:/Projects/csce351-finalproject/csce351-finalproject_bsp/\libhal_bsp.a(alt_sbrk.o)
 .sdata         0x0000f7f8        0x8 C:/Projects/csce351-finalproject/csce351-finalproject_bsp/\libhal_bsp.a(alt_tick.o)
                0x0000f7f8                alt_alarm_list
 .sdata         0x0000f800        0x4 C:/Projects/csce351-finalproject/csce351-finalproject_bsp/\libhal_bsp.a(alt_irq_vars.o)
                0x0000f800                alt_priority_mask
 *(.sdata2 .sdata2.* .gnu.linkonce.s2.*)
                0x0000f804                . = ALIGN (0x4)
                0x0000f804                _edata = ABSOLUTE (.)
                0x0000f804                PROVIDE (edata, ABSOLUTE (.))
                0x0000f804                PROVIDE (__ram_rwdata_end, ABSOLUTE (.))
                0x0000f804                PROVIDE (__flash_rwdata_start, LOADADDR (.rwdata))

.bss            0x00011260      0x360
                0x00011260                __bss_start = ABSOLUTE (.)
                0x00011260                PROVIDE (__sbss_start, ABSOLUTE (.))
                0x00011260                PROVIDE (___sbss_start, ABSOLUTE (.))
 *(.dynsbss)
 *(.sbss .sbss.* .gnu.linkonce.sb.*)
 .sbss          0x00011260        0x4 obj/default/alarm_handler.o
                0x00011260                alarmflag
 .sbss          0x00011264        0x8 obj/default/project1.o
                0x00011264                waiting
                0x00011268                haircut
 .sbss          0x0001126c        0x8 obj/default/thread_handler.o
 .sbss          0x00011274        0xc c:/altera/12.0sp2/nios2eds/bin/gnu/h-i686-mingw32/bin/../lib/gcc/nios2-elf/4.1.2/../../../../nios2-elf/lib/mno-hw-mul\libc.a(lib_a-mallocr.o)
                0x00011274                __malloc_top_pad
                0x00011278                __malloc_max_sbrked_mem
                0x0001127c                __malloc_max_total_mem
 .sbss          0x00011280        0x4 c:/altera/12.0sp2/nios2eds/bin/gnu/h-i686-mingw32/bin/../lib/gcc/nios2-elf/4.1.2/../../../../nios2-elf/lib/mno-hw-mul\libc.a(lib_a-int_errno.o)
                0x00011280                errno
 .sbss          0x00011284        0xc c:/altera/12.0sp2/nios2eds/bin/gnu/h-i686-mingw32/bin/../lib/gcc/nios2-elf/4.1.2/../../../../nios2-elf/lib/mno-hw-mul\libc.a(lib_a-locale.o)
                0x00011284                __nlocale_changed
                0x00011288                __mlocale_changed
                0x0001128c                _PathLocale
 .sbss          0x00011290        0xc C:/Projects/csce351-finalproject/csce351-finalproject_bsp/\libhal_bsp.a(alt_main.o)
                0x00011290                alt_argc
                0x00011294                alt_argv
                0x00011298                alt_envp
 .sbss          0x0001129c        0x8 C:/Projects/csce351-finalproject/csce351-finalproject_bsp/\libhal_bsp.a(alt_tick.o)
                0x0001129c                _alt_tick_rate
                0x000112a0                _alt_nticks
 .sbss          0x000112a4        0x4 C:/Projects/csce351-finalproject/csce351-finalproject_bsp/\libhal_bsp.a(alt_irq_vars.o)
                0x000112a4                alt_irq_active
 *(.sbss2 .sbss2.* .gnu.linkonce.sb2.*)
 *(.scommon)
                0x000112a8                PROVIDE (__sbss_end, ABSOLUTE (.))
                0x000112a8                PROVIDE (___sbss_end, ABSOLUTE (.))
 *(.dynbss)
 *(.bss .bss.* .gnu.linkonce.b.*)
 .bss           0x000112a8        0x0 C:/Projects/csce351-finalproject/csce351-finalproject_bsp//obj/HAL/src/crt0.o
 .bss           0x000112a8       0x18 obj/default/alarm_handler.o
 .bss           0x000112c0        0x0 obj/default/blocked_queue.o
 .bss           0x000112c0        0x0 obj/default/mysem.o
 .bss           0x000112c0        0x0 obj/default/project1.o
 .bss           0x000112c0        0xc obj/default/queue.o
 .bss           0x000112cc        0x0 obj/default/thread_handler.o
 .bss           0x000112cc        0x0 obj/default/exception_handler.o
 .bss           0x000112cc        0x0 c:/altera/12.0sp2/nios2eds/bin/gnu/h-i686-mingw32/bin/../lib/gcc/nios2-elf/4.1.2/../../../../nios2-elf/lib/mno-hw-mul\libc.a(lib_a-exit.o)
 .bss           0x000112cc        0x0 c:/altera/12.0sp2/nios2eds/bin/gnu/h-i686-mingw32/bin/../lib/gcc/nios2-elf/4.1.2/../../../../nios2-elf/lib/mno-hw-mul\libc.a(lib_a-impure.o)
 .bss           0x000112cc        0x0 c:/altera/12.0sp2/nios2eds/bin/gnu/h-i686-mingw32/bin/../lib/gcc/nios2-elf/4.1.2/../../../../nios2-elf/lib/mno-hw-mul\libc.a(lib_a-malloc.o)
 .bss           0x000112cc       0x28 c:/altera/12.0sp2/nios2eds/bin/gnu/h-i686-mingw32/bin/../lib/gcc/nios2-elf/4.1.2/../../../../nios2-elf/lib/mno-hw-mul\libc.a(lib_a-mallocr.o)
                0x000112cc                __malloc_current_mallinfo
 .bss           0x000112f4        0x0 c:/altera/12.0sp2/nios2eds/bin/gnu/h-i686-mingw32/bin/../lib/gcc/nios2-elf/4.1.2/../../../../nios2-elf/lib/mno-hw-mul\libc.a(lib_a-printf.o)
 .bss           0x000112f4        0x0 c:/altera/12.0sp2/nios2eds/bin/gnu/h-i686-mingw32/bin/../lib/gcc/nios2-elf/4.1.2/../../../../nios2-elf/lib/mno-hw-mul\libc.a(lib_a-putchar.o)
 .bss           0x000112f4        0x0 c:/altera/12.0sp2/nios2eds/bin/gnu/h-i686-mingw32/bin/../lib/gcc/nios2-elf/4.1.2/../../../../nios2-elf/lib/mno-hw-mul\libc.a(lib_a-puts.o)
 .bss           0x000112f4        0x0 c:/altera/12.0sp2/nios2eds/bin/gnu/h-i686-mingw32/bin/../lib/gcc/nios2-elf/4.1.2/../../../../nios2-elf/lib/mno-hw-mul\libc.a(lib_a-sbrkr.o)
 .bss           0x000112f4        0x0 c:/altera/12.0sp2/nios2eds/bin/gnu/h-i686-mingw32/bin/../lib/gcc/nios2-elf/4.1.2/../../../../nios2-elf/lib/mno-hw-mul\libc.a(lib_a-strlen.o)
 .bss           0x000112f4        0x0 c:/altera/12.0sp2/nios2eds/bin/gnu/h-i686-mingw32/bin/../lib/gcc/nios2-elf/4.1.2/../../../../nios2-elf/lib/mno-hw-mul\libc.a(lib_a-vfprintf.o)
 .bss           0x000112f4        0x0 c:/altera/12.0sp2/nios2eds/bin/gnu/h-i686-mingw32/bin/../lib/gcc/nios2-elf/4.1.2/../../../../nios2-elf/lib/mno-hw-mul\libc.a(lib_a-wsetup.o)
 .bss           0x000112f4        0x0 c:/altera/12.0sp2/nios2eds/bin/gnu/h-i686-mingw32/bin/../lib/gcc/nios2-elf/4.1.2/../../../../nios2-elf/lib/mno-hw-mul\libc.a(lib_a-__call_atexit.o)
 .bss           0x000112f4        0x0 c:/altera/12.0sp2/nios2eds/bin/gnu/h-i686-mingw32/bin/../lib/gcc/nios2-elf/4.1.2/../../../../nios2-elf/lib/mno-hw-mul\libc.a(lib_a-dtoa.o)
 .bss           0x000112f4        0x0 c:/altera/12.0sp2/nios2eds/bin/gnu/h-i686-mingw32/bin/../lib/gcc/nios2-elf/4.1.2/../../../../nios2-elf/lib/mno-hw-mul\libc.a(lib_a-fflush.o)
 .bss           0x000112f4        0x0 c:/altera/12.0sp2/nios2eds/bin/gnu/h-i686-mingw32/bin/../lib/gcc/nios2-elf/4.1.2/../../../../nios2-elf/lib/mno-hw-mul\libc.a(lib_a-findfp.o)
 .bss           0x000112f4        0x0 c:/altera/12.0sp2/nios2eds/bin/gnu/h-i686-mingw32/bin/../lib/gcc/nios2-elf/4.1.2/../../../../nios2-elf/lib/mno-hw-mul\libc.a(lib_a-freer.o)
 .bss           0x000112f4        0x0 c:/altera/12.0sp2/nios2eds/bin/gnu/h-i686-mingw32/bin/../lib/gcc/nios2-elf/4.1.2/../../../../nios2-elf/lib/mno-hw-mul\libc.a(lib_a-fvwrite.o)
 .bss           0x000112f4        0x0 c:/altera/12.0sp2/nios2eds/bin/gnu/h-i686-mingw32/bin/../lib/gcc/nios2-elf/4.1.2/../../../../nios2-elf/lib/mno-hw-mul\libc.a(lib_a-fwalk.o)
 .bss           0x000112f4        0x0 c:/altera/12.0sp2/nios2eds/bin/gnu/h-i686-mingw32/bin/../lib/gcc/nios2-elf/4.1.2/../../../../nios2-elf/lib/mno-hw-mul\libc.a(lib_a-int_errno.o)
 .bss           0x000112f4        0x0 c:/altera/12.0sp2/nios2eds/bin/gnu/h-i686-mingw32/bin/../lib/gcc/nios2-elf/4.1.2/../../../../nios2-elf/lib/mno-hw-mul\libc.a(lib_a-locale.o)
 .bss           0x000112f4        0x0 c:/altera/12.0sp2/nios2eds/bin/gnu/h-i686-mingw32/bin/../lib/gcc/nios2-elf/4.1.2/../../../../nios2-elf/lib/mno-hw-mul\libc.a(lib_a-makebuf.o)
 .bss           0x000112f4        0x0 c:/altera/12.0sp2/nios2eds/bin/gnu/h-i686-mingw32/bin/../lib/gcc/nios2-elf/4.1.2/../../../../nios2-elf/lib/mno-hw-mul\libc.a(lib_a-memchr.o)
 .bss           0x000112f4        0x0 c:/altera/12.0sp2/nios2eds/bin/gnu/h-i686-mingw32/bin/../lib/gcc/nios2-elf/4.1.2/../../../../nios2-elf/lib/mno-hw-mul\libc.a(lib_a-memcpy.o)
 .bss           0x000112f4        0x0 c:/altera/12.0sp2/nios2eds/bin/gnu/h-i686-mingw32/bin/../lib/gcc/nios2-elf/4.1.2/../../../../nios2-elf/lib/mno-hw-mul\libc.a(lib_a-memmove.o)
 .bss           0x000112f4        0x0 c:/altera/12.0sp2/nios2eds/bin/gnu/h-i686-mingw32/bin/../lib/gcc/nios2-elf/4.1.2/../../../../nios2-elf/lib/mno-hw-mul\libc.a(lib_a-memset.o)
 .bss           0x000112f4        0x0 c:/altera/12.0sp2/nios2eds/bin/gnu/h-i686-mingw32/bin/../lib/gcc/nios2-elf/4.1.2/../../../../nios2-elf/lib/mno-hw-mul\libc.a(lib_a-mprec.o)
 .bss           0x000112f4        0x0 c:/altera/12.0sp2/nios2eds/bin/gnu/h-i686-mingw32/bin/../lib/gcc/nios2-elf/4.1.2/../../../../nios2-elf/lib/mno-hw-mul\libc.a(lib_a-putc.o)
 .bss           0x000112f4        0x0 c:/altera/12.0sp2/nios2eds/bin/gnu/h-i686-mingw32/bin/../lib/gcc/nios2-elf/4.1.2/../../../../nios2-elf/lib/mno-hw-mul\libc.a(lib_a-reallocr.o)
 .bss           0x000112f4        0x0 c:/altera/12.0sp2/nios2eds/bin/gnu/h-i686-mingw32/bin/../lib/gcc/nios2-elf/4.1.2/../../../../nios2-elf/lib/mno-hw-mul\libc.a(lib_a-s_isinfd.o)
 .bss           0x000112f4        0x0 c:/altera/12.0sp2/nios2eds/bin/gnu/h-i686-mingw32/bin/../lib/gcc/nios2-elf/4.1.2/../../../../nios2-elf/lib/mno-hw-mul\libc.a(lib_a-s_isnand.o)
 .bss           0x000112f4        0x0 c:/altera/12.0sp2/nios2eds/bin/gnu/h-i686-mingw32/bin/../lib/gcc/nios2-elf/4.1.2/../../../../nios2-elf/lib/mno-hw-mul\libc.a(lib_a-stdio.o)
 .bss           0x000112f4        0x0 c:/altera/12.0sp2/nios2eds/bin/gnu/h-i686-mingw32/bin/../lib/gcc/nios2-elf/4.1.2/../../../../nios2-elf/lib/mno-hw-mul\libc.a(lib_a-strcmp.o)
 .bss           0x000112f4        0x0 c:/altera/12.0sp2/nios2eds/bin/gnu/h-i686-mingw32/bin/../lib/gcc/nios2-elf/4.1.2/../../../../nios2-elf/lib/mno-hw-mul\libc.a(lib_a-wbuf.o)
 .bss           0x000112f4        0x0 c:/altera/12.0sp2/nios2eds/bin/gnu/h-i686-mingw32/bin/../lib/gcc/nios2-elf/4.1.2/../../../../nios2-elf/lib/mno-hw-mul\libc.a(lib_a-writer.o)
 .bss           0x000112f4        0x0 c:/altera/12.0sp2/nios2eds/bin/gnu/h-i686-mingw32/bin/../lib/gcc/nios2-elf/4.1.2/../../../../nios2-elf/lib/mno-hw-mul\libc.a(lib_a-callocr.o)
 .bss           0x000112f4        0x0 c:/altera/12.0sp2/nios2eds/bin/gnu/h-i686-mingw32/bin/../lib/gcc/nios2-elf/4.1.2/../../../../nios2-elf/lib/mno-hw-mul\libc.a(lib_a-closer.o)
 .bss           0x000112f4        0x0 c:/altera/12.0sp2/nios2eds/bin/gnu/h-i686-mingw32/bin/../lib/gcc/nios2-elf/4.1.2/../../../../nios2-elf/lib/mno-hw-mul\libc.a(lib_a-fclose.o)
 .bss           0x000112f4        0x0 c:/altera/12.0sp2/nios2eds/bin/gnu/h-i686-mingw32/bin/../lib/gcc/nios2-elf/4.1.2/../../../../nios2-elf/lib/mno-hw-mul\libc.a(lib_a-fstatr.o)
 .bss           0x000112f4        0x0 c:/altera/12.0sp2/nios2eds/bin/gnu/h-i686-mingw32/bin/../lib/gcc/nios2-elf/4.1.2/../../../../nios2-elf/lib/mno-hw-mul\libc.a(lib_a-isattyr.o)
 .bss           0x000112f4        0x0 c:/altera/12.0sp2/nios2eds/bin/gnu/h-i686-mingw32/bin/../lib/gcc/nios2-elf/4.1.2/../../../../nios2-elf/lib/mno-hw-mul\libc.a(lib_a-lseekr.o)
 .bss           0x000112f4        0x0 c:/altera/12.0sp2/nios2eds/bin/gnu/h-i686-mingw32/bin/../lib/gcc/nios2-elf/4.1.2/../../../../nios2-elf/lib/mno-hw-mul\libc.a(lib_a-readr.o)
 .bss           0x000112f4        0x0 c:/altera/12.0sp2/nios2eds/bin/gnu/h-i686-mingw32/bin/../lib/gcc/nios2-elf/4.1.2/mno-hw-mul\libgcc.a(_udivdi3.o)
 .bss           0x000112f4        0x0 c:/altera/12.0sp2/nios2eds/bin/gnu/h-i686-mingw32/bin/../lib/gcc/nios2-elf/4.1.2/mno-hw-mul\libgcc.a(_umoddi3.o)
 .bss           0x000112f4        0x0 c:/altera/12.0sp2/nios2eds/bin/gnu/h-i686-mingw32/bin/../lib/gcc/nios2-elf/4.1.2/mno-hw-mul\libgcc.a(_addsub_df.o)
 .bss           0x000112f4        0x0 c:/altera/12.0sp2/nios2eds/bin/gnu/h-i686-mingw32/bin/../lib/gcc/nios2-elf/4.1.2/mno-hw-mul\libgcc.a(_mul_df.o)
 .bss           0x000112f4        0x0 c:/altera/12.0sp2/nios2eds/bin/gnu/h-i686-mingw32/bin/../lib/gcc/nios2-elf/4.1.2/mno-hw-mul\libgcc.a(_div_df.o)
 .bss           0x000112f4        0x0 c:/altera/12.0sp2/nios2eds/bin/gnu/h-i686-mingw32/bin/../lib/gcc/nios2-elf/4.1.2/mno-hw-mul\libgcc.a(_eq_df.o)
 .bss           0x000112f4        0x0 c:/altera/12.0sp2/nios2eds/bin/gnu/h-i686-mingw32/bin/../lib/gcc/nios2-elf/4.1.2/mno-hw-mul\libgcc.a(_ne_df.o)
 .bss           0x000112f4        0x0 c:/altera/12.0sp2/nios2eds/bin/gnu/h-i686-mingw32/bin/../lib/gcc/nios2-elf/4.1.2/mno-hw-mul\libgcc.a(_gt_df.o)
 .bss           0x000112f4        0x0 c:/altera/12.0sp2/nios2eds/bin/gnu/h-i686-mingw32/bin/../lib/gcc/nios2-elf/4.1.2/mno-hw-mul\libgcc.a(_ge_df.o)
 .bss           0x000112f4        0x0 c:/altera/12.0sp2/nios2eds/bin/gnu/h-i686-mingw32/bin/../lib/gcc/nios2-elf/4.1.2/mno-hw-mul\libgcc.a(_lt_df.o)
 .bss           0x000112f4        0x0 c:/altera/12.0sp2/nios2eds/bin/gnu/h-i686-mingw32/bin/../lib/gcc/nios2-elf/4.1.2/mno-hw-mul\libgcc.a(_si_to_df.o)
 .bss           0x000112f4        0x0 c:/altera/12.0sp2/nios2eds/bin/gnu/h-i686-mingw32/bin/../lib/gcc/nios2-elf/4.1.2/mno-hw-mul\libgcc.a(_df_to_si.o)
 .bss           0x000112f4        0x0 c:/altera/12.0sp2/nios2eds/bin/gnu/h-i686-mingw32/bin/../lib/gcc/nios2-elf/4.1.2/mno-hw-mul\libgcc.a(_thenan_df.o)
 .bss           0x000112f4        0x0 c:/altera/12.0sp2/nios2eds/bin/gnu/h-i686-mingw32/bin/../lib/gcc/nios2-elf/4.1.2/mno-hw-mul\libgcc.a(_usi_to_df.o)
 .bss           0x000112f4        0x0 c:/altera/12.0sp2/nios2eds/bin/gnu/h-i686-mingw32/bin/../lib/gcc/nios2-elf/4.1.2/mno-hw-mul\libgcc.a(lib2-divmod.o)
 .bss           0x000112f4        0x0 c:/altera/12.0sp2/nios2eds/bin/gnu/h-i686-mingw32/bin/../lib/gcc/nios2-elf/4.1.2/mno-hw-mul\libgcc.a(lib2-mul.o)
 .bss           0x000112f4        0x0 c:/altera/12.0sp2/nios2eds/bin/gnu/h-i686-mingw32/bin/../lib/gcc/nios2-elf/4.1.2/mno-hw-mul\libgcc.a(_muldi3.o)
 .bss           0x000112f4        0x0 c:/altera/12.0sp2/nios2eds/bin/gnu/h-i686-mingw32/bin/../lib/gcc/nios2-elf/4.1.2/mno-hw-mul\libgcc.a(_clz.o)
 .bss           0x000112f4        0x0 c:/altera/12.0sp2/nios2eds/bin/gnu/h-i686-mingw32/bin/../lib/gcc/nios2-elf/4.1.2/mno-hw-mul\libgcc.a(_clzsi2.o)
 .bss           0x000112f4        0x0 c:/altera/12.0sp2/nios2eds/bin/gnu/h-i686-mingw32/bin/../lib/gcc/nios2-elf/4.1.2/mno-hw-mul\libgcc.a(_pack_df.o)
 .bss           0x000112f4        0x0 c:/altera/12.0sp2/nios2eds/bin/gnu/h-i686-mingw32/bin/../lib/gcc/nios2-elf/4.1.2/mno-hw-mul\libgcc.a(_unpack_df.o)
 .bss           0x000112f4        0x0 c:/altera/12.0sp2/nios2eds/bin/gnu/h-i686-mingw32/bin/../lib/gcc/nios2-elf/4.1.2/mno-hw-mul\libgcc.a(_fpcmp_parts_df.o)
 .bss           0x000112f4        0x0 C:/Projects/csce351-finalproject/csce351-finalproject_bsp/\libhal_bsp.a(alt_alarm_start.o)
 .bss           0x000112f4        0x0 C:/Projects/csce351-finalproject/csce351-finalproject_bsp/\libhal_bsp.a(alt_close.o)
 .bss           0x000112f4        0x0 C:/Projects/csce351-finalproject/csce351-finalproject_bsp/\libhal_bsp.a(alt_dev.o)
 .bss           0x000112f4        0x0 C:/Projects/csce351-finalproject/csce351-finalproject_bsp/\libhal_bsp.a(alt_errno.o)
 .bss           0x000112f4        0x0 C:/Projects/csce351-finalproject/csce351-finalproject_bsp/\libhal_bsp.a(alt_exit.o)
 .bss           0x000112f4        0x0 C:/Projects/csce351-finalproject/csce351-finalproject_bsp/\libhal_bsp.a(alt_fstat.o)
 .bss           0x000112f4        0x0 C:/Projects/csce351-finalproject/csce351-finalproject_bsp/\libhal_bsp.a(alt_isatty.o)
 .bss           0x000112f4        0x0 C:/Projects/csce351-finalproject/csce351-finalproject_bsp/\libhal_bsp.a(alt_load.o)
 .bss           0x000112f4        0x0 C:/Projects/csce351-finalproject/csce351-finalproject_bsp/\libhal_bsp.a(alt_lseek.o)
 .bss           0x000112f4        0x0 C:/Projects/csce351-finalproject/csce351-finalproject_bsp/\libhal_bsp.a(alt_main.o)
 .bss           0x000112f4        0x0 C:/Projects/csce351-finalproject/csce351-finalproject_bsp/\libhal_bsp.a(alt_malloc_lock.o)
 .bss           0x000112f4        0x0 C:/Projects/csce351-finalproject/csce351-finalproject_bsp/\libhal_bsp.a(alt_read.o)
 .bss           0x000112f4        0x0 C:/Projects/csce351-finalproject/csce351-finalproject_bsp/\libhal_bsp.a(alt_release_fd.o)
 .bss           0x000112f4        0x0 C:/Projects/csce351-finalproject/csce351-finalproject_bsp/\libhal_bsp.a(alt_sbrk.o)
 .bss           0x000112f4        0x0 C:/Projects/csce351-finalproject/csce351-finalproject_bsp/\libhal_bsp.a(alt_tick.o)
 .bss           0x000112f4        0x0 C:/Projects/csce351-finalproject/csce351-finalproject_bsp/\libhal_bsp.a(alt_write.o)
 .bss           0x000112f4        0x0 C:/Projects/csce351-finalproject/csce351-finalproject_bsp/\libhal_bsp.a(alt_sys_init.o)
 .bss           0x000112f4        0x0 C:/Projects/csce351-finalproject/csce351-finalproject_bsp/\libhal_bsp.a(altera_avalon_jtag_uart_fd.o)
 .bss           0x000112f4        0x0 C:/Projects/csce351-finalproject/csce351-finalproject_bsp/\libhal_bsp.a(altera_avalon_jtag_uart_init.o)
 .bss           0x000112f4        0x0 C:/Projects/csce351-finalproject/csce351-finalproject_bsp/\libhal_bsp.a(altera_avalon_jtag_uart_ioctl.o)
 .bss           0x000112f4        0x0 C:/Projects/csce351-finalproject/csce351-finalproject_bsp/\libhal_bsp.a(altera_avalon_jtag_uart_read.o)
 .bss           0x000112f4        0x0 C:/Projects/csce351-finalproject/csce351-finalproject_bsp/\libhal_bsp.a(altera_avalon_jtag_uart_write.o)
 .bss           0x000112f4        0x0 C:/Projects/csce351-finalproject/csce351-finalproject_bsp/\libhal_bsp.a(altera_avalon_timer_sc.o)
 .bss           0x000112f4        0x0 C:/Projects/csce351-finalproject/csce351-finalproject_bsp/\libhal_bsp.a(alt_dcache_flush_all.o)
 .bss           0x000112f4        0x0 C:/Projects/csce351-finalproject/csce351-finalproject_bsp/\libhal_bsp.a(alt_dev_llist_insert.o)
 .bss           0x000112f4        0x0 C:/Projects/csce351-finalproject/csce351-finalproject_bsp/\libhal_bsp.a(alt_do_ctors.o)
 .bss           0x000112f4        0x0 C:/Projects/csce351-finalproject/csce351-finalproject_bsp/\libhal_bsp.a(alt_do_dtors.o)
 .bss           0x000112f4        0x0 C:/Projects/csce351-finalproject/csce351-finalproject_bsp/\libhal_bsp.a(alt_icache_flush_all.o)
 .bss           0x000112f4        0x0 C:/Projects/csce351-finalproject/csce351-finalproject_bsp/\libhal_bsp.a(alt_iic.o)
 .bss           0x000112f4        0x0 C:/Projects/csce351-finalproject/csce351-finalproject_bsp/\libhal_bsp.a(alt_iic_isr_register.o)
 .bss           0x000112f4        0x0 C:/Projects/csce351-finalproject/csce351-finalproject_bsp/\libhal_bsp.a(alt_io_redirect.o)
 .bss           0x000112f4        0x0 C:/Projects/csce351-finalproject/csce351-finalproject_bsp/\libhal_bsp.a(alt_irq_entry.o)
 .bss           0x000112f4        0x0 C:/Projects/csce351-finalproject/csce351-finalproject_bsp/\libhal_bsp.a(alt_irq_handler.o)
 .bss           0x000112f4        0x0 C:/Projects/csce351-finalproject/csce351-finalproject_bsp/\libhal_bsp.a(alt_irq_vars.o)
 .bss           0x000112f4        0x0 C:/Projects/csce351-finalproject/csce351-finalproject_bsp/\libhal_bsp.a(alt_open.o)
 .bss           0x000112f4        0x0 C:/Projects/csce351-finalproject/csce351-finalproject_bsp/\libhal_bsp.a(altera_nios2_irq.o)
 .bss           0x000112f4        0x0 C:/Projects/csce351-finalproject/csce351-finalproject_bsp/\libhal_bsp.a(alt_exception_entry.o)
 .bss           0x000112f4        0x0 C:/Projects/csce351-finalproject/csce351-finalproject_bsp/\libhal_bsp.a(alt_find_dev.o)
 .bss           0x000112f4        0x0 C:/Projects/csce351-finalproject/csce351-finalproject_bsp/\libhal_bsp.a(alt_find_file.o)
 .bss           0x000112f4        0x0 C:/Projects/csce351-finalproject/csce351-finalproject_bsp/\libhal_bsp.a(alt_get_fd.o)
 .bss           0x000112f4        0x0 c:/altera/12.0sp2/nios2eds/bin/gnu/h-i686-mingw32/bin/../lib/gcc/nios2-elf/4.1.2/../../../../nios2-elf/lib/mno-hw-mul\libc.a(lib_a-atexit.o)
 .bss           0x000112f4        0x0 c:/altera/12.0sp2/nios2eds/bin/gnu/h-i686-mingw32/bin/../lib/gcc/nios2-elf/4.1.2/../../../../nios2-elf/lib/mno-hw-mul\libc.a(lib_a-memcmp.o)
 .bss           0x000112f4        0x0 c:/altera/12.0sp2/nios2eds/bin/gnu/h-i686-mingw32/bin/../lib/gcc/nios2-elf/4.1.2/../../../../nios2-elf/lib/mno-hw-mul\libc.a(lib_a-__atexit.o)
 *(COMMON)
 COMMON         0x000112f4       0x3c obj/default/project1.o
                0x000112f4                mutex
                0x00011308                stylistAvailable
                0x0001131c                customerAvailable
 COMMON         0x00011330      0x100 C:/Projects/csce351-finalproject/csce351-finalproject_bsp/\libhal_bsp.a(alt_irq_handler.o)
                0x00011330                alt_irq
 COMMON         0x00011430      0x190 c:/altera/12.0sp2/nios2eds/bin/gnu/h-i686-mingw32/bin/../lib/gcc/nios2-elf/4.1.2/../../../../nios2-elf/lib/mno-hw-mul\libc.a(lib_a-atexit.o)
                0x00011430                _atexit0
                0x000115c0                . = ALIGN (0x4)
                0x000115c0                __bss_end = ABSOLUTE (.)

.SDRAM          0x000115c0        0x0
                0x000115c0                PROVIDE (_alt_partition_SDRAM_start, ABSOLUTE (.))
 *(.SDRAM. SDRAM.*)
                0x000115c0                . = ALIGN (0x4)
                0x000115c0                PROVIDE (_alt_partition_SDRAM_end, ABSOLUTE (.))
                0x000115c0                _end = ABSOLUTE (.)
                0x000115c0                end = ABSOLUTE (.)
                0x000115c0                __alt_stack_base = ABSOLUTE (.)
                0x000115c0                PROVIDE (_alt_partition_SDRAM_load_addr, LOADADDR (.SDRAM))

.SRAM           0x08000000        0x0 load address 0x000115c0
                0x08000000                PROVIDE (_alt_partition_SRAM_start, ABSOLUTE (.))
 *(.SRAM. SRAM.*)
                0x08000000                . = ALIGN (0x4)
                0x08000000                PROVIDE (_alt_partition_SRAM_end, ABSOLUTE (.))
                0x000115c0                PROVIDE (_alt_partition_SRAM_load_addr, LOADADDR (.SRAM))

.Onchip_memory  0x09000000        0x0 load address 0x000115c0
                0x09000000                PROVIDE (_alt_partition_Onchip_memory_start, ABSOLUTE (.))
 *(.Onchip_memory. Onchip_memory.*)
                0x09000000                . = ALIGN (0x4)
                0x09000000                PROVIDE (_alt_partition_Onchip_memory_end, ABSOLUTE (.))
                0x000115c0                PROVIDE (_alt_partition_Onchip_memory_load_addr, LOADADDR (.Onchip_memory))

.stab
 *(.stab)

.stabstr
 *(.stabstr)

.stab.excl
 *(.stab.excl)

.stab.exclstr
 *(.stab.exclstr)

.stab.index
 *(.stab.index)

.stab.indexstr
 *(.stab.indexstr)

.comment        0x00000000       0x26
 *(.comment)
 .comment       0x00000000       0x26 obj/default/alarm_handler.o
                                 0x27 (size before relaxing)
 .comment       0x00000000       0x27 obj/default/blocked_queue.o
 .comment       0x00000000       0x27 obj/default/mysem.o
 .comment       0x00000000       0x27 obj/default/project1.o
 .comment       0x00000000       0x27 obj/default/queue.o
 .comment       0x00000000       0x27 obj/default/thread_handler.o
 .comment       0x00000000       0x27 c:/altera/12.0sp2/nios2eds/bin/gnu/h-i686-mingw32/bin/../lib/gcc/nios2-elf/4.1.2/../../../../nios2-elf/lib/mno-hw-mul\libc.a(lib_a-exit.o)
 .comment       0x00000000       0x27 c:/altera/12.0sp2/nios2eds/bin/gnu/h-i686-mingw32/bin/../lib/gcc/nios2-elf/4.1.2/../../../../nios2-elf/lib/mno-hw-mul\libc.a(lib_a-impure.o)
 .comment       0x00000000       0x27 c:/altera/12.0sp2/nios2eds/bin/gnu/h-i686-mingw32/bin/../lib/gcc/nios2-elf/4.1.2/../../../../nios2-elf/lib/mno-hw-mul\libc.a(lib_a-malloc.o)
 .comment       0x00000000       0x27 c:/altera/12.0sp2/nios2eds/bin/gnu/h-i686-mingw32/bin/../lib/gcc/nios2-elf/4.1.2/../../../../nios2-elf/lib/mno-hw-mul\libc.a(lib_a-mallocr.o)
 .comment       0x00000000       0x27 c:/altera/12.0sp2/nios2eds/bin/gnu/h-i686-mingw32/bin/../lib/gcc/nios2-elf/4.1.2/../../../../nios2-elf/lib/mno-hw-mul\libc.a(lib_a-printf.o)
 .comment       0x00000000       0x27 c:/altera/12.0sp2/nios2eds/bin/gnu/h-i686-mingw32/bin/../lib/gcc/nios2-elf/4.1.2/../../../../nios2-elf/lib/mno-hw-mul\libc.a(lib_a-putchar.o)
 .comment       0x00000000       0x27 c:/altera/12.0sp2/nios2eds/bin/gnu/h-i686-mingw32/bin/../lib/gcc/nios2-elf/4.1.2/../../../../nios2-elf/lib/mno-hw-mul\libc.a(lib_a-puts.o)
 .comment       0x00000000       0x27 c:/altera/12.0sp2/nios2eds/bin/gnu/h-i686-mingw32/bin/../lib/gcc/nios2-elf/4.1.2/../../../../nios2-elf/lib/mno-hw-mul\libc.a(lib_a-sbrkr.o)
 .comment       0x00000000       0x27 c:/altera/12.0sp2/nios2eds/bin/gnu/h-i686-mingw32/bin/../lib/gcc/nios2-elf/4.1.2/../../../../nios2-elf/lib/mno-hw-mul\libc.a(lib_a-strlen.o)
 .comment       0x00000000       0x27 c:/altera/12.0sp2/nios2eds/bin/gnu/h-i686-mingw32/bin/../lib/gcc/nios2-elf/4.1.2/../../../../nios2-elf/lib/mno-hw-mul\libc.a(lib_a-vfprintf.o)
 .comment       0x00000000       0x27 c:/altera/12.0sp2/nios2eds/bin/gnu/h-i686-mingw32/bin/../lib/gcc/nios2-elf/4.1.2/../../../../nios2-elf/lib/mno-hw-mul\libc.a(lib_a-wsetup.o)
 .comment       0x00000000       0x27 c:/altera/12.0sp2/nios2eds/bin/gnu/h-i686-mingw32/bin/../lib/gcc/nios2-elf/4.1.2/../../../../nios2-elf/lib/mno-hw-mul\libc.a(lib_a-__call_atexit.o)
 .comment       0x00000000       0x27 c:/altera/12.0sp2/nios2eds/bin/gnu/h-i686-mingw32/bin/../lib/gcc/nios2-elf/4.1.2/../../../../nios2-elf/lib/mno-hw-mul\libc.a(lib_a-dtoa.o)
 .comment       0x00000000       0x27 c:/altera/12.0sp2/nios2eds/bin/gnu/h-i686-mingw32/bin/../lib/gcc/nios2-elf/4.1.2/../../../../nios2-elf/lib/mno-hw-mul\libc.a(lib_a-fflush.o)
 .comment       0x00000000       0x27 c:/altera/12.0sp2/nios2eds/bin/gnu/h-i686-mingw32/bin/../lib/gcc/nios2-elf/4.1.2/../../../../nios2-elf/lib/mno-hw-mul\libc.a(lib_a-findfp.o)
 .comment       0x00000000       0x27 c:/altera/12.0sp2/nios2eds/bin/gnu/h-i686-mingw32/bin/../lib/gcc/nios2-elf/4.1.2/../../../../nios2-elf/lib/mno-hw-mul\libc.a(lib_a-freer.o)
 .comment       0x00000000       0x27 c:/altera/12.0sp2/nios2eds/bin/gnu/h-i686-mingw32/bin/../lib/gcc/nios2-elf/4.1.2/../../../../nios2-elf/lib/mno-hw-mul\libc.a(lib_a-fvwrite.o)
 .comment       0x00000000       0x27 c:/altera/12.0sp2/nios2eds/bin/gnu/h-i686-mingw32/bin/../lib/gcc/nios2-elf/4.1.2/../../../../nios2-elf/lib/mno-hw-mul\libc.a(lib_a-fwalk.o)
 .comment       0x00000000       0x27 c:/altera/12.0sp2/nios2eds/bin/gnu/h-i686-mingw32/bin/../lib/gcc/nios2-elf/4.1.2/../../../../nios2-elf/lib/mno-hw-mul\libc.a(lib_a-int_errno.o)
 .comment       0x00000000       0x27 c:/altera/12.0sp2/nios2eds/bin/gnu/h-i686-mingw32/bin/../lib/gcc/nios2-elf/4.1.2/../../../../nios2-elf/lib/mno-hw-mul\libc.a(lib_a-locale.o)
 .comment       0x00000000       0x27 c:/altera/12.0sp2/nios2eds/bin/gnu/h-i686-mingw32/bin/../lib/gcc/nios2-elf/4.1.2/../../../../nios2-elf/lib/mno-hw-mul\libc.a(lib_a-makebuf.o)
 .comment       0x00000000       0x27 c:/altera/12.0sp2/nios2eds/bin/gnu/h-i686-mingw32/bin/../lib/gcc/nios2-elf/4.1.2/../../../../nios2-elf/lib/mno-hw-mul\libc.a(lib_a-memchr.o)
 .comment       0x00000000       0x27 c:/altera/12.0sp2/nios2eds/bin/gnu/h-i686-mingw32/bin/../lib/gcc/nios2-elf/4.1.2/../../../../nios2-elf/lib/mno-hw-mul\libc.a(lib_a-memcpy.o)
 .comment       0x00000000       0x27 c:/altera/12.0sp2/nios2eds/bin/gnu/h-i686-mingw32/bin/../lib/gcc/nios2-elf/4.1.2/../../../../nios2-elf/lib/mno-hw-mul\libc.a(lib_a-memmove.o)
 .comment       0x00000000       0x27 c:/altera/12.0sp2/nios2eds/bin/gnu/h-i686-mingw32/bin/../lib/gcc/nios2-elf/4.1.2/../../../../nios2-elf/lib/mno-hw-mul\libc.a(lib_a-memset.o)
 .comment       0x00000000       0x27 c:/altera/12.0sp2/nios2eds/bin/gnu/h-i686-mingw32/bin/../lib/gcc/nios2-elf/4.1.2/../../../../nios2-elf/lib/mno-hw-mul\libc.a(lib_a-mprec.o)
 .comment       0x00000000       0x27 c:/altera/12.0sp2/nios2eds/bin/gnu/h-i686-mingw32/bin/../lib/gcc/nios2-elf/4.1.2/../../../../nios2-elf/lib/mno-hw-mul\libc.a(lib_a-putc.o)
 .comment       0x00000000       0x27 c:/altera/12.0sp2/nios2eds/bin/gnu/h-i686-mingw32/bin/../lib/gcc/nios2-elf/4.1.2/../../../../nios2-elf/lib/mno-hw-mul\libc.a(lib_a-reallocr.o)
 .comment       0x00000000       0x27 c:/altera/12.0sp2/nios2eds/bin/gnu/h-i686-mingw32/bin/../lib/gcc/nios2-elf/4.1.2/../../../../nios2-elf/lib/mno-hw-mul\libc.a(lib_a-s_isinfd.o)
 .comment       0x00000000       0x27 c:/altera/12.0sp2/nios2eds/bin/gnu/h-i686-mingw32/bin/../lib/gcc/nios2-elf/4.1.2/../../../../nios2-elf/lib/mno-hw-mul\libc.a(lib_a-s_isnand.o)
 .comment       0x00000000       0x27 c:/altera/12.0sp2/nios2eds/bin/gnu/h-i686-mingw32/bin/../lib/gcc/nios2-elf/4.1.2/../../../../nios2-elf/lib/mno-hw-mul\libc.a(lib_a-stdio.o)
 .comment       0x00000000       0x27 c:/altera/12.0sp2/nios2eds/bin/gnu/h-i686-mingw32/bin/../lib/gcc/nios2-elf/4.1.2/../../../../nios2-elf/lib/mno-hw-mul\libc.a(lib_a-strcmp.o)
 .comment       0x00000000       0x27 c:/altera/12.0sp2/nios2eds/bin/gnu/h-i686-mingw32/bin/../lib/gcc/nios2-elf/4.1.2/../../../../nios2-elf/lib/mno-hw-mul\libc.a(lib_a-wbuf.o)
 .comment       0x00000000       0x27 c:/altera/12.0sp2/nios2eds/bin/gnu/h-i686-mingw32/bin/../lib/gcc/nios2-elf/4.1.2/../../../../nios2-elf/lib/mno-hw-mul\libc.a(lib_a-writer.o)
 .comment       0x00000000       0x27 c:/altera/12.0sp2/nios2eds/bin/gnu/h-i686-mingw32/bin/../lib/gcc/nios2-elf/4.1.2/../../../../nios2-elf/lib/mno-hw-mul\libc.a(lib_a-callocr.o)
 .comment       0x00000000       0x27 c:/altera/12.0sp2/nios2eds/bin/gnu/h-i686-mingw32/bin/../lib/gcc/nios2-elf/4.1.2/../../../../nios2-elf/lib/mno-hw-mul\libc.a(lib_a-closer.o)
 .comment       0x00000000       0x27 c:/altera/12.0sp2/nios2eds/bin/gnu/h-i686-mingw32/bin/../lib/gcc/nios2-elf/4.1.2/../../../../nios2-elf/lib/mno-hw-mul\libc.a(lib_a-fclose.o)
 .comment       0x00000000       0x27 c:/altera/12.0sp2/nios2eds/bin/gnu/h-i686-mingw32/bin/../lib/gcc/nios2-elf/4.1.2/../../../../nios2-elf/lib/mno-hw-mul\libc.a(lib_a-fstatr.o)
 .comment       0x00000000       0x27 c:/altera/12.0sp2/nios2eds/bin/gnu/h-i686-mingw32/bin/../lib/gcc/nios2-elf/4.1.2/../../../../nios2-elf/lib/mno-hw-mul\libc.a(lib_a-isattyr.o)
 .comment       0x00000000       0x27 c:/altera/12.0sp2/nios2eds/bin/gnu/h-i686-mingw32/bin/../lib/gcc/nios2-elf/4.1.2/../../../../nios2-elf/lib/mno-hw-mul\libc.a(lib_a-lseekr.o)
 .comment       0x00000000       0x27 c:/altera/12.0sp2/nios2eds/bin/gnu/h-i686-mingw32/bin/../lib/gcc/nios2-elf/4.1.2/../../../../nios2-elf/lib/mno-hw-mul\libc.a(lib_a-readr.o)
 .comment       0x00000000       0x27 c:/altera/12.0sp2/nios2eds/bin/gnu/h-i686-mingw32/bin/../lib/gcc/nios2-elf/4.1.2/mno-hw-mul\libgcc.a(_udivdi3.o)
 .comment       0x00000000       0x27 c:/altera/12.0sp2/nios2eds/bin/gnu/h-i686-mingw32/bin/../lib/gcc/nios2-elf/4.1.2/mno-hw-mul\libgcc.a(_umoddi3.o)
 .comment       0x00000000       0x27 c:/altera/12.0sp2/nios2eds/bin/gnu/h-i686-mingw32/bin/../lib/gcc/nios2-elf/4.1.2/mno-hw-mul\libgcc.a(_addsub_df.o)
 .comment       0x00000000       0x27 c:/altera/12.0sp2/nios2eds/bin/gnu/h-i686-mingw32/bin/../lib/gcc/nios2-elf/4.1.2/mno-hw-mul\libgcc.a(_mul_df.o)
 .comment       0x00000000       0x27 c:/altera/12.0sp2/nios2eds/bin/gnu/h-i686-mingw32/bin/../lib/gcc/nios2-elf/4.1.2/mno-hw-mul\libgcc.a(_div_df.o)
 .comment       0x00000000       0x27 c:/altera/12.0sp2/nios2eds/bin/gnu/h-i686-mingw32/bin/../lib/gcc/nios2-elf/4.1.2/mno-hw-mul\libgcc.a(_eq_df.o)
 .comment       0x00000000       0x27 c:/altera/12.0sp2/nios2eds/bin/gnu/h-i686-mingw32/bin/../lib/gcc/nios2-elf/4.1.2/mno-hw-mul\libgcc.a(_ne_df.o)
 .comment       0x00000000       0x27 c:/altera/12.0sp2/nios2eds/bin/gnu/h-i686-mingw32/bin/../lib/gcc/nios2-elf/4.1.2/mno-hw-mul\libgcc.a(_gt_df.o)
 .comment       0x00000000       0x27 c:/altera/12.0sp2/nios2eds/bin/gnu/h-i686-mingw32/bin/../lib/gcc/nios2-elf/4.1.2/mno-hw-mul\libgcc.a(_ge_df.o)
 .comment       0x00000000       0x27 c:/altera/12.0sp2/nios2eds/bin/gnu/h-i686-mingw32/bin/../lib/gcc/nios2-elf/4.1.2/mno-hw-mul\libgcc.a(_lt_df.o)
 .comment       0x00000000       0x27 c:/altera/12.0sp2/nios2eds/bin/gnu/h-i686-mingw32/bin/../lib/gcc/nios2-elf/4.1.2/mno-hw-mul\libgcc.a(_si_to_df.o)
 .comment       0x00000000       0x27 c:/altera/12.0sp2/nios2eds/bin/gnu/h-i686-mingw32/bin/../lib/gcc/nios2-elf/4.1.2/mno-hw-mul\libgcc.a(_df_to_si.o)
 .comment       0x00000000       0x27 c:/altera/12.0sp2/nios2eds/bin/gnu/h-i686-mingw32/bin/../lib/gcc/nios2-elf/4.1.2/mno-hw-mul\libgcc.a(_thenan_df.o)
 .comment       0x00000000       0x27 c:/altera/12.0sp2/nios2eds/bin/gnu/h-i686-mingw32/bin/../lib/gcc/nios2-elf/4.1.2/mno-hw-mul\libgcc.a(_usi_to_df.o)
 .comment       0x00000000       0x27 c:/altera/12.0sp2/nios2eds/bin/gnu/h-i686-mingw32/bin/../lib/gcc/nios2-elf/4.1.2/mno-hw-mul\libgcc.a(lib2-divmod.o)
 .comment       0x00000000       0x27 c:/altera/12.0sp2/nios2eds/bin/gnu/h-i686-mingw32/bin/../lib/gcc/nios2-elf/4.1.2/mno-hw-mul\libgcc.a(lib2-mul.o)
 .comment       0x00000000       0x27 c:/altera/12.0sp2/nios2eds/bin/gnu/h-i686-mingw32/bin/../lib/gcc/nios2-elf/4.1.2/mno-hw-mul\libgcc.a(_muldi3.o)
 .comment       0x00000000       0x27 c:/altera/12.0sp2/nios2eds/bin/gnu/h-i686-mingw32/bin/../lib/gcc/nios2-elf/4.1.2/mno-hw-mul\libgcc.a(_clz.o)
 .comment       0x00000000       0x27 c:/altera/12.0sp2/nios2eds/bin/gnu/h-i686-mingw32/bin/../lib/gcc/nios2-elf/4.1.2/mno-hw-mul\libgcc.a(_clzsi2.o)
 .comment       0x00000000       0x27 c:/altera/12.0sp2/nios2eds/bin/gnu/h-i686-mingw32/bin/../lib/gcc/nios2-elf/4.1.2/mno-hw-mul\libgcc.a(_pack_df.o)
 .comment       0x00000000       0x27 c:/altera/12.0sp2/nios2eds/bin/gnu/h-i686-mingw32/bin/../lib/gcc/nios2-elf/4.1.2/mno-hw-mul\libgcc.a(_unpack_df.o)
 .comment       0x00000000       0x27 c:/altera/12.0sp2/nios2eds/bin/gnu/h-i686-mingw32/bin/../lib/gcc/nios2-elf/4.1.2/mno-hw-mul\libgcc.a(_fpcmp_parts_df.o)
 .comment       0x00000000       0x27 C:/Projects/csce351-finalproject/csce351-finalproject_bsp/\libhal_bsp.a(alt_alarm_start.o)
 .comment       0x00000000       0x27 C:/Projects/csce351-finalproject/csce351-finalproject_bsp/\libhal_bsp.a(alt_close.o)
 .comment       0x00000000       0x27 C:/Projects/csce351-finalproject/csce351-finalproject_bsp/\libhal_bsp.a(alt_dev.o)
 .comment       0x00000000       0x27 C:/Projects/csce351-finalproject/csce351-finalproject_bsp/\libhal_bsp.a(alt_errno.o)
 .comment       0x00000000       0x27 C:/Projects/csce351-finalproject/csce351-finalproject_bsp/\libhal_bsp.a(alt_exit.o)
 .comment       0x00000000       0x27 C:/Projects/csce351-finalproject/csce351-finalproject_bsp/\libhal_bsp.a(alt_fstat.o)
 .comment       0x00000000       0x27 C:/Projects/csce351-finalproject/csce351-finalproject_bsp/\libhal_bsp.a(alt_isatty.o)
 .comment       0x00000000       0x27 C:/Projects/csce351-finalproject/csce351-finalproject_bsp/\libhal_bsp.a(alt_load.o)
 .comment       0x00000000       0x27 C:/Projects/csce351-finalproject/csce351-finalproject_bsp/\libhal_bsp.a(alt_lseek.o)
 .comment       0x00000000       0x27 C:/Projects/csce351-finalproject/csce351-finalproject_bsp/\libhal_bsp.a(alt_main.o)
 .comment       0x00000000       0x27 C:/Projects/csce351-finalproject/csce351-finalproject_bsp/\libhal_bsp.a(alt_malloc_lock.o)
 .comment       0x00000000       0x27 C:/Projects/csce351-finalproject/csce351-finalproject_bsp/\libhal_bsp.a(alt_read.o)
 .comment       0x00000000       0x27 C:/Projects/csce351-finalproject/csce351-finalproject_bsp/\libhal_bsp.a(alt_release_fd.o)
 .comment       0x00000000       0x27 C:/Projects/csce351-finalproject/csce351-finalproject_bsp/\libhal_bsp.a(alt_sbrk.o)
 .comment       0x00000000       0x27 C:/Projects/csce351-finalproject/csce351-finalproject_bsp/\libhal_bsp.a(alt_tick.o)
 .comment       0x00000000       0x27 C:/Projects/csce351-finalproject/csce351-finalproject_bsp/\libhal_bsp.a(alt_write.o)
 .comment       0x00000000       0x27 C:/Projects/csce351-finalproject/csce351-finalproject_bsp/\libhal_bsp.a(alt_sys_init.o)
 .comment       0x00000000       0x27 C:/Projects/csce351-finalproject/csce351-finalproject_bsp/\libhal_bsp.a(altera_avalon_jtag_uart_fd.o)
 .comment       0x00000000       0x27 C:/Projects/csce351-finalproject/csce351-finalproject_bsp/\libhal_bsp.a(altera_avalon_jtag_uart_init.o)
 .comment       0x00000000       0x27 C:/Projects/csce351-finalproject/csce351-finalproject_bsp/\libhal_bsp.a(altera_avalon_jtag_uart_ioctl.o)
 .comment       0x00000000       0x27 C:/Projects/csce351-finalproject/csce351-finalproject_bsp/\libhal_bsp.a(altera_avalon_jtag_uart_read.o)
 .comment       0x00000000       0x27 C:/Projects/csce351-finalproject/csce351-finalproject_bsp/\libhal_bsp.a(altera_avalon_jtag_uart_write.o)
 .comment       0x00000000       0x27 C:/Projects/csce351-finalproject/csce351-finalproject_bsp/\libhal_bsp.a(altera_avalon_timer_sc.o)